<html>
<body>
<pre>
<h1>µVision Build Log</h1>
<h2>Tool Versions:</h2>
IDE-Version: ¦ÌVision V5.16.0.0
Copyright (C) 2015 ARM Ltd and ARM Germany GmbH. All rights reserved.
License Information: 12 Microsoft, Microsoft, LIC=KRMII-TLZ87-YVB1Y-I5TGB-XGR98-4K7FY
 
Tool Versions:
Toolchain:       MDK-ARM Standard  Version: 5.16.0.0
Toolchain Path:  D:\KEIL ARM\ARM\ARMCC\Bin
C Compiler:      Armcc.exe V5.06 (build 20)
Assembler:       Armasm.exe V5.06 (build 20)
Linker/Locator:  ArmLink.exe V5.06 (build 20)
Library Manager: ArmAr.exe V5.06 (build 20)
Hex Converter:   FromElf.exe V5.06 (build 20)
CPU DLL:         SARMCM3.DLL V5.16.0.0
Dialog DLL:      DARMCM1.DLL V1.12.0.0
Target DLL:      STLink\ST-LINKIII-KEIL_SWO.dll V2.0.17.0
Dialog DLL:      TARMCM1.DLL V1.9.0.0
 
<h2>Project:</h2>
E:\Electronics Lab\BLUNRG Project\x-cube-idb04_l0\X-CUBE-IDB04\Projects\STM32L053R8-Nucleo\Examples\TIM\TIM_TimeBase\MDK-ARM\Project.uvproj
Project File Date:  04/20/2016

<h2>Output:</h2>
*** Using Compiler 'V5.06 (build 20)', folder: 'D:\KEIL ARM\ARM\ARMCC\Bin'
Rebuild target 'STM32L053R8_NUCLEO'
compiling stm32l0xx_nucleo.c...
compiling system_stm32l0xx.c...
compiling stm32l0xx_hal.c...
compiling stm32l0xx_hal_adc.c...
compiling stm32l0xx_hal_adc_ex.c...
compiling stm32l0xx_hal_cortex.c...
compiling stm32l0xx_hal_dma.c...
compiling stm32l0xx_hal_flash.c...
compiling stm32l0xx_hal_flash_ex.c...
compiling stm32l0xx_hal_gpio.c...
compiling stm32l0xx_hal_pwr.c...
compiling stm32l0xx_hal_pwr_ex.c...
compiling stm32l0xx_hal_rcc.c...
compiling stm32l0xx_hal_rcc_ex.c...
compiling stm32l0xx_hal_spi.c...
compiling stm32l0xx_hal_tim.c...
compiling stm32l0xx_hal_tim_ex.c...
assembling startup_stm32l053xx.s...
compiling main.c...
compiling stm32l0xx_hal_msp.c...
compiling stm32l0xx_it.c...
linking...
Program Size: Code=3328 RO-data=260 RW-data=84 ZI-data=1084  
"STM32L053R8_NUCLEO\STM32L053R8_NUCLEO.axf" - 0 Error(s), 0 Warning(s).
Build Time Elapsed:  00:00:22
</pre>
</body>
</html>
