Component: ARM Compiler 5.06 (build 20) Tool: armlink [4d35a3]

==============================================================================

Section Cross References

    stm32l0xx_nucleo.o(i.ADCx_Init) refers to stm32l0xx_hal_adc.o(i.HAL_ADC_GetState) for HAL_ADC_GetState
    stm32l0xx_nucleo.o(i.ADCx_Init) refers to stm32l0xx_nucleo.o(i.ADCx_MspInit) for ADCx_MspInit
    stm32l0xx_nucleo.o(i.ADCx_Init) refers to stm32l0xx_hal_adc.o(i.HAL_ADC_Init) for HAL_ADC_Init
    stm32l0xx_nucleo.o(i.ADCx_Init) refers to stm32l0xx_nucleo.o(.bss) for .bss
    stm32l0xx_nucleo.o(i.ADCx_MspInit) refers to stm32l0xx_hal_gpio.o(i.HAL_GPIO_Init) for HAL_GPIO_Init
    stm32l0xx_nucleo.o(i.BSP_JOY_GetState) refers to stm32l0xx_hal_adc.o(i.HAL_ADC_Start) for HAL_ADC_Start
    stm32l0xx_nucleo.o(i.BSP_JOY_GetState) refers to stm32l0xx_hal_adc.o(i.HAL_ADC_PollForConversion) for HAL_ADC_PollForConversion
    stm32l0xx_nucleo.o(i.BSP_JOY_GetState) refers to stm32l0xx_hal_adc.o(i.HAL_ADC_GetState) for HAL_ADC_GetState
    stm32l0xx_nucleo.o(i.BSP_JOY_GetState) refers to stm32l0xx_hal_adc.o(i.HAL_ADC_GetValue) for HAL_ADC_GetValue
    stm32l0xx_nucleo.o(i.BSP_JOY_GetState) refers to stm32l0xx_nucleo.o(.bss) for .bss
    stm32l0xx_nucleo.o(i.BSP_JOY_Init) refers to stm32l0xx_nucleo.o(i.ADCx_Init) for ADCx_Init
    stm32l0xx_nucleo.o(i.BSP_JOY_Init) refers to stm32l0xx_hal_adc_ex.o(i.HAL_ADCEx_Calibration_Start) for HAL_ADCEx_Calibration_Start
    stm32l0xx_nucleo.o(i.BSP_JOY_Init) refers to stm32l0xx_hal_adc.o(i.HAL_ADC_ConfigChannel) for HAL_ADC_ConfigChannel
    stm32l0xx_nucleo.o(i.BSP_JOY_Init) refers to stm32l0xx_nucleo.o(.bss) for .bss
    stm32l0xx_nucleo.o(i.BSP_JOY_Init) refers to stm32l0xx_nucleo.o(.data) for .data
    stm32l0xx_nucleo.o(i.BSP_LED_Init) refers to stm32l0xx_hal_gpio.o(i.HAL_GPIO_Init) for HAL_GPIO_Init
    stm32l0xx_nucleo.o(i.BSP_LED_Init) refers to stm32l0xx_nucleo.o(.constdata) for .constdata
    stm32l0xx_nucleo.o(i.BSP_LED_Init) refers to stm32l0xx_nucleo.o(.data) for .data
    stm32l0xx_nucleo.o(i.BSP_LED_Off) refers to stm32l0xx_hal_gpio.o(i.HAL_GPIO_WritePin) for HAL_GPIO_WritePin
    stm32l0xx_nucleo.o(i.BSP_LED_Off) refers to stm32l0xx_nucleo.o(.constdata) for .constdata
    stm32l0xx_nucleo.o(i.BSP_LED_Off) refers to stm32l0xx_nucleo.o(.data) for .data
    stm32l0xx_nucleo.o(i.BSP_LED_On) refers to stm32l0xx_hal_gpio.o(i.HAL_GPIO_WritePin) for HAL_GPIO_WritePin
    stm32l0xx_nucleo.o(i.BSP_LED_On) refers to stm32l0xx_nucleo.o(.constdata) for .constdata
    stm32l0xx_nucleo.o(i.BSP_LED_On) refers to stm32l0xx_nucleo.o(.data) for .data
    stm32l0xx_nucleo.o(i.BSP_LED_Toggle) refers to stm32l0xx_hal_gpio.o(i.HAL_GPIO_TogglePin) for HAL_GPIO_TogglePin
    stm32l0xx_nucleo.o(i.BSP_LED_Toggle) refers to stm32l0xx_nucleo.o(.constdata) for .constdata
    stm32l0xx_nucleo.o(i.BSP_LED_Toggle) refers to stm32l0xx_nucleo.o(.data) for .data
    stm32l0xx_nucleo.o(i.BSP_PB_GetState) refers to stm32l0xx_hal_gpio.o(i.HAL_GPIO_ReadPin) for HAL_GPIO_ReadPin
    stm32l0xx_nucleo.o(i.BSP_PB_GetState) refers to stm32l0xx_nucleo.o(.constdata) for .constdata
    stm32l0xx_nucleo.o(i.BSP_PB_GetState) refers to stm32l0xx_nucleo.o(.data) for .data
    stm32l0xx_nucleo.o(i.BSP_PB_Init) refers to stm32l0xx_hal_gpio.o(i.HAL_GPIO_Init) for HAL_GPIO_Init
    stm32l0xx_nucleo.o(i.BSP_PB_Init) refers to stm32l0xx_hal_cortex.o(i.HAL_NVIC_EnableIRQ) for HAL_NVIC_EnableIRQ
    stm32l0xx_nucleo.o(i.BSP_PB_Init) refers to stm32l0xx_nucleo.o(.constdata) for .constdata
    stm32l0xx_nucleo.o(i.BSP_PB_Init) refers to stm32l0xx_nucleo.o(.data) for .data
    stm32l0xx_nucleo.o(i.LCD_Delay) refers to stm32l0xx_hal.o(i.HAL_Delay) for HAL_Delay
    stm32l0xx_nucleo.o(i.LCD_IO_Init) refers to stm32l0xx_hal_gpio.o(i.HAL_GPIO_Init) for HAL_GPIO_Init
    stm32l0xx_nucleo.o(i.LCD_IO_Init) refers to stm32l0xx_hal_gpio.o(i.HAL_GPIO_WritePin) for HAL_GPIO_WritePin
    stm32l0xx_nucleo.o(i.LCD_IO_Init) refers to stm32l0xx_nucleo.o(i.SPIx_Init) for SPIx_Init
    stm32l0xx_nucleo.o(i.LCD_IO_WriteData) refers to stm32l0xx_hal_gpio.o(i.HAL_GPIO_WritePin) for HAL_GPIO_WritePin
    stm32l0xx_nucleo.o(i.LCD_IO_WriteData) refers to stm32l0xx_nucleo.o(i.SPIx_Write) for SPIx_Write
    stm32l0xx_nucleo.o(i.LCD_IO_WriteReg) refers to stm32l0xx_hal_gpio.o(i.HAL_GPIO_WritePin) for HAL_GPIO_WritePin
    stm32l0xx_nucleo.o(i.LCD_IO_WriteReg) refers to stm32l0xx_nucleo.o(i.SPIx_Write) for SPIx_Write
    stm32l0xx_nucleo.o(i.SD_IO_Init) refers to stm32l0xx_hal_gpio.o(i.HAL_GPIO_Init) for HAL_GPIO_Init
    stm32l0xx_nucleo.o(i.SD_IO_Init) refers to stm32l0xx_nucleo.o(i.SPIx_Init) for SPIx_Init
    stm32l0xx_nucleo.o(i.SD_IO_Init) refers to stm32l0xx_hal_gpio.o(i.HAL_GPIO_WritePin) for HAL_GPIO_WritePin
    stm32l0xx_nucleo.o(i.SD_IO_Init) refers to stm32l0xx_nucleo.o(i.SD_IO_WriteByte) for SD_IO_WriteByte
    stm32l0xx_nucleo.o(i.SD_IO_ReadByte) refers to stm32l0xx_nucleo.o(i.SPIx_Read) for SPIx_Read
[...]
    ..\..\..\..\..\..\Drivers\STM32L0xx_HAL_Driver\Src\stm32l0xx_hal_tim_ex.c 0x00000000   Number         0  stm32l0xx_hal_tim_ex.o ABSOLUTE
    ..\..\..\..\..\..\Drivers\STM32L0xx_HAL_Driver\Src\stm32l0xx_hal_uart.c 0x00000000   Number         0  stm32l0xx_hal_uart.o ABSOLUTE
    ..\..\..\..\..\..\Drivers\STM32L0xx_HAL_Driver\Src\stm32l0xx_hal_uart_ex.c 0x00000000   Number         0  stm32l0xx_hal_uart_ex.o ABSOLUTE
    ..\..\..\..\..\..\Middlewares\ST\STM32_BlueNRG\Interface\bluenrg_itf_template.c 0x00000000   Number         0  bluenrg_itf_template.o ABSOLUTE
    ..\..\..\..\..\..\Middlewares\ST\STM32_BlueNRG\SimpleBlueNRG_HCI\hci\controller\bluenrg_hci.c 0x00000000   Number         0  bluenrg_hci.o ABSOLUTE
    ..\..\..\..\..\..\Middlewares\ST\STM32_BlueNRG\SimpleBlueNRG_HCI\hci\hci.c 0x00000000   Number         0  hci.o ABSOLUTE
    ..\..\..\..\..\..\Middlewares\ST\STM32_BlueNRG\SimpleBlueNRG_HCI\utils\gp_timer.c 0x00000000   Number         0  gp_timer.o ABSOLUTE
    ..\..\..\..\..\..\Middlewares\ST\STM32_BlueNRG\SimpleBlueNRG_HCI\utils\list.c 0x00000000   Number         0  list.o ABSOLUTE
    ..\MPU6050\MPU6050.c                     0x00000000   Number         0  mpu6050.o ABSOLUTE
    ..\MPU6050\gpio.c                        0x00000000   Number         0  gpio.o ABSOLUTE
    ..\MPU6050\i2c.c                         0x00000000   Number         0  i2c.o ABSOLUTE
    ..\MPU6050\stm32l0xx_hal_msp.c           0x00000000   Number         0  stm32l0xx_hal_msp.o ABSOLUTE
    ..\Src\bluenrg_interface.c               0x00000000   Number         0  bluenrg_interface.o ABSOLUTE
    ..\Src\clock.c                           0x00000000   Number         0  clock.o ABSOLUTE
    ..\Src\main.c                            0x00000000   Number         0  main.o ABSOLUTE
    ..\Src\osal.c                            0x00000000   Number         0  osal.o ABSOLUTE
    ..\Src\sensor_service.c                  0x00000000   Number         0  sensor_service.o ABSOLUTE
    ..\Src\stm32l0xx_it.c                    0x00000000   Number         0  stm32l0xx_it.o ABSOLUTE
    ..\Src\system_stm32l0xx.c                0x00000000   Number         0  system_stm32l0xx.o ABSOLUTE
    ..\USART\usart2.c                        0x00000000   Number         0  usart2.o ABSOLUTE
    ..\Ultra\Ultra.c                         0x00000000   Number         0  ultra.o ABSOLUTE
    ..\\..\\..\\..\\..\\..\\Drivers\\BSP\\STM32L0xx_Nucleo\\stm32l0xx_nucleo.c 0x00000000   Number         0  stm32l0xx_nucleo.o ABSOLUTE
    ..\\..\\..\\..\\..\\..\\Drivers\\BSP\\STM32L0xx_Nucleo\\stm32l0xx_nucleo_bluenrg.c 0x00000000   Number         0  stm32l0xx_nucleo_bluenrg.o ABSOLUTE
    ..\\..\\..\\..\\..\\..\\Drivers\\BSP\\STM_Shields\\X-NUCLEO-IDB04A1\\stm32_bluenrg_ble.c 0x00000000   Number         0  stm32_bluenrg_ble.o ABSOLUTE
    ..\\..\\..\\..\\..\\..\\Drivers\\STM32L0xx_HAL_Driver\\Src\\stm32l0xx_hal.c 0x00000000   Number         0  stm32l0xx_hal.o ABSOLUTE
    ..\\..\\..\\..\\..\\..\\Drivers\\STM32L0xx_HAL_Driver\\Src\\stm32l0xx_hal_adc.c 0x00000000   Number         0  stm32l0xx_hal_adc.o ABSOLUTE
    ..\\..\\..\\..\\..\\..\\Drivers\\STM32L0xx_HAL_Driver\\Src\\stm32l0xx_hal_adc_ex.c 0x00000000   Number         0  stm32l0xx_hal_adc_ex.o ABSOLUTE
    ..\\..\\..\\..\\..\\..\\Drivers\\STM32L0xx_HAL_Driver\\Src\\stm32l0xx_hal_cortex.c 0x00000000   Number         0  stm32l0xx_hal_cortex.o ABSOLUTE
    ..\\..\\..\\..\\..\\..\\Drivers\\STM32L0xx_HAL_Driver\\Src\\stm32l0xx_hal_dma.c 0x00000000   Number         0  stm32l0xx_hal_dma.o ABSOLUTE
    ..\\..\\..\\..\\..\\..\\Drivers\\STM32L0xx_HAL_Driver\\Src\\stm32l0xx_hal_flash.c 0x00000000   Number         0  stm32l0xx_hal_flash.o ABSOLUTE
    ..\\..\\..\\..\\..\\..\\Drivers\\STM32L0xx_HAL_Driver\\Src\\stm32l0xx_hal_flash_ex.c 0x00000000   Number         0  stm32l0xx_hal_flash_ex.o ABSOLUTE
    ..\\..\\..\\..\\..\\..\\Drivers\\STM32L0xx_HAL_Driver\\Src\\stm32l0xx_hal_gpio.c 0x00000000   Number         0  stm32l0xx_hal_gpio.o ABSOLUTE
    ..\\..\\..\\..\\..\\..\\Drivers\\STM32L0xx_HAL_Driver\\Src\\stm32l0xx_hal_i2c.c 0x00000000   Number         0  stm32l0xx_hal_i2c.o ABSOLUTE
    ..\\..\\..\\..\\..\\..\\Drivers\\STM32L0xx_HAL_Driver\\Src\\stm32l0xx_hal_i2c_ex.c 0x00000000   Number         0  stm32l0xx_hal_i2c_ex.o ABSOLUTE
    ..\\..\\..\\..\\..\\..\\Drivers\\STM32L0xx_HAL_Driver\\Src\\stm32l0xx_hal_pwr.c 0x00000000   Number         0  stm32l0xx_hal_pwr.o ABSOLUTE
    ..\\..\\..\\..\\..\\..\\Drivers\\STM32L0xx_HAL_Driver\\Src\\stm32l0xx_hal_pwr_ex.c 0x00000000   Number         0  stm32l0xx_hal_pwr_ex.o ABSOLUTE
    ..\\..\\..\\..\\..\\..\\Drivers\\STM32L0xx_HAL_Driver\\Src\\stm32l0xx_hal_rcc.c 0x00000000   Number         0  stm32l0xx_hal_rcc.o ABSOLUTE
    ..\\..\\..\\..\\..\\..\\Drivers\\STM32L0xx_HAL_Driver\\Src\\stm32l0xx_hal_rcc_ex.c 0x00000000   Number         0  stm32l0xx_hal_rcc_ex.o ABSOLUTE
    ..\\..\\..\\..\\..\\..\\Drivers\\STM32L0xx_HAL_Driver\\Src\\stm32l0xx_hal_spi.c 0x00000000   Number         0  stm32l0xx_hal_spi.o ABSOLUTE
    ..\\..\\..\\..\\..\\..\\Drivers\\STM32L0xx_HAL_Driver\\Src\\stm32l0xx_hal_tim.c 0x00000000   Number         0  stm32l0xx_hal_tim.o ABSOLUTE
    ..\\..\\..\\..\\..\\..\\Drivers\\STM32L0xx_HAL_Driver\\Src\\stm32l0xx_hal_tim_ex.c 0x00000000   Number         0  stm32l0xx_hal_tim_ex.o ABSOLUTE
    ..\\..\\..\\..\\..\\..\\Drivers\\STM32L0xx_HAL_Driver\\Src\\stm32l0xx_hal_uart.c 0x00000000   Number         0  stm32l0xx_hal_uart.o ABSOLUTE
    ..\\..\\..\\..\\..\\..\\Drivers\\STM32L0xx_HAL_Driver\\Src\\stm32l0xx_hal_uart_ex.c 0x00000000   Number         0  stm32l0xx_hal_uart_ex.o ABSOLUTE
    ..\\MPU6050\\MPU6050.c                   0x00000000   Number         0  mpu6050.o ABSOLUTE
    ..\\MPU6050\\gpio.c                      0x00000000   Number         0  gpio.o ABSOLUTE
    ..\\MPU6050\\i2c.c                       0x00000000   Number         0  i2c.o ABSOLUTE
    ..\\MPU6050\\stm32l0xx_hal_msp.c         0x00000000   Number         0  stm32l0xx_hal_msp.o ABSOLUTE
    ..\\Src\\bluenrg_interface.c             0x00000000   Number         0  bluenrg_interface.o ABSOLUTE
    ..\\Src\\clock.c                         0x00000000   Number         0  clock.o ABSOLUTE
    ..\\Src\\main.c                          0x00000000   Number         0  main.o ABSOLUTE
    ..\\Src\\sensor_service.c                0x00000000   Number         0  sensor_service.o ABSOLUTE
    ..\\Src\\stm32l0xx_it.c                  0x00000000   Number         0  stm32l0xx_it.o ABSOLUTE
    ..\\Src\\system_stm32l0xx.c              0x00000000   Number         0  system_stm32l0xx.o ABSOLUTE
    ..\\USART\\usart2.c                      0x00000000   Number         0  usart2.o ABSOLUTE
    ..\\Ultra\\Ultra.c                       0x00000000   Number         0  ultra.o ABSOLUTE
    dc.s                                     0x00000000   Number         0  dc.o ABSOLUTE
    handlers.s                               0x00000000   Number         0  handlers.o ABSOLUTE
    init.s                                   0x00000000   Number         0  init.o ABSOLUTE
    startup_stm32l053xx.s                    0x00000000   Number         0  startup_stm32l053xx.o ABSOLUTE
    RESET                                    0x08000000   Section      192  startup_stm32l053xx.o(RESET)
    .ARM.Collect$$$$00000000                 0x080000c0   Section        0  entry.o(.ARM.Collect$$$$00000000)
    .ARM.Collect$$$$00000001                 0x080000c0   Section        4  entry2.o(.ARM.Collect$$$$00000001)
    .ARM.Collect$$$$00000004                 0x080000c4   Section        4  entry5.o(.ARM.Collect$$$$00000004)
    .ARM.Collect$$$$00000008                 0x080000c8   Section        0  entry7b.o(.ARM.Collect$$$$00000008)
    .ARM.Collect$$$$0000000A                 0x080000c8   Section        0  entry8b.o(.ARM.Collect$$$$0000000A)
    .ARM.Collect$$$$0000000B                 0x080000c8   Section        8  entry9a.o(.ARM.Collect$$$$0000000B)
    .ARM.Collect$$$$0000000D                 0x080000d0   Section        0  entry10a.o(.ARM.Collect$$$$0000000D)
    .ARM.Collect$$$$0000000F                 0x080000d0   Section        0  entry11a.o(.ARM.Collect$$$$0000000F)
    .ARM.Collect$$$$00002712                 0x080000d0   Section        4  entry2.o(.ARM.Collect$$$$00002712)
    __lit__00000000                          0x080000d0   Data           4  entry2.o(.ARM.Collect$$$$00002712)
    .text                                    0x080000d4   Section       32  startup_stm32l053xx.o(.text)
    .text                                    0x080000f4   Section        0  uidiv.o(.text)
    .text                                    0x08000120   Section        0  memcpy.o(.text)
    .text                                    0x08000148   Section        0  memset.o(.text)
    .text                                    0x0800015a   Section        0  strlen.o(.text)
    .text                                    0x08000168   Section        0  uwrite4.o(.text)
    .text                                    0x0800017a   Section        0  fmul.o(.text)
    .text                                    0x080001f4   Section        0  fscalb.o(.text)
    .text                                    0x0800020c   Section        0  dmul.o(.text)
    .text                                    0x080002dc   Section        0  ffltui.o(.text)
    .text                                    0x080002ea   Section        0  ffixui.o(.text)
    .text                                    0x08000312   Section        0  f2d.o(.text)
    .text                                    0x0800033a   Section        0  d2f.o(.text)
    .text                                    0x08000372   Section        0  iusefp.o(.text)
    .text                                    0x08000372   Section        0  fepilogue.o(.text)
    .text                                    0x080003f4   Section        0  depilogue.o(.text)
    .text                                    0x080004b4   Section       36  init.o(.text)
    .text                                    0x080004d8   Section        0  llshl.o(.text)
    .text                                    0x080004f8   Section        0  llushr.o(.text)
    i.Acc_Update                             0x0800051c   Section        0  sensor_service.o(i.Acc_Update)
    i.AccelData_Process                      0x08000560   Section        0  mpu6050.o(i.AccelData_Process)
    i.Add_Acc_Service                        0x08000608   Section        0  sensor_service.o(i.Add_Acc_Service)
    i.Add_Environmental_Sensor_Service       0x0800073c   Section        0  sensor_service.o(i.Add_Environmental_Sensor_Service)
    i.BNRG_SPI_Init                          0x080009b8   Section        0  stm32_bluenrg_ble.o(i.BNRG_SPI_Init)
    i.BSP_LED_Init                           0x080009f4   Section        0  stm32l0xx_nucleo.o(i.BSP_LED_Init)
    i.BSP_LED_Toggle                         0x08000a34   Section        0  stm32l0xx_nucleo.o(i.BSP_LED_Toggle)
    i.BSP_PB_GetState                        0x08000a50   Section        0  stm32l0xx_nucleo.o(i.BSP_PB_GetState)
    i.BSP_PB_Init                            0x08000a6c   Section        0  stm32l0xx_nucleo.o(i.BSP_PB_Init)
    i.BlueNRG_RST                            0x08000b34   Section        0  stm32_bluenrg_ble.o(i.BlueNRG_RST)
    i.BlueNRG_SPI_Read_All                   0x08000b60   Section        0  stm32_bluenrg_ble.o(i.BlueNRG_SPI_Read_All)
    i.BlueNRG_SPI_Write                      0x08000c00   Section        0  stm32_bluenrg_ble.o(i.BlueNRG_SPI_Write)
    i.Clear_SPI_EXTI_Flag                    0x08000ca0   Section        0  stm32_bluenrg_ble.o(i.Clear_SPI_EXTI_Flag)
    i.Clock_Time                             0x08000cac   Section        0  clock.o(i.Clock_Time)
    i.DebugMon_Handler                       0x08000cb4   Section        0  stm32l0xx_it.o(i.DebugMon_Handler)
    i.Disable_SPI_IRQ                        0x08000cb6   Section        0  stm32_bluenrg_ble.o(i.Disable_SPI_IRQ)
    i.EXTI0_1_IRQHandler                     0x08000cc0   Section        0  stm32l0xx_it.o(i.EXTI0_1_IRQHandler)
    i.EXTI4_15_IRQHandler                    0x08000ccc   Section        0  stm32l0xx_it.o(i.EXTI4_15_IRQHandler)
    i.Enable_SPI_IRQ                         0x08000cfc   Section        0  stm32_bluenrg_ble.o(i.Enable_SPI_IRQ)
    i.GAP_ConnectionComplete_CB              0x08000d08   Section        0  sensor_service.o(i.GAP_ConnectionComplete_CB)
    i.GAP_DisconnectionComplete_CB           0x08000d20   Section        0  sensor_service.o(i.GAP_DisconnectionComplete_CB)
    i.GYROData_Process                       0x08000d34   Section        0  mpu6050.o(i.GYROData_Process)
    i.Gesture_Judge                          0x08000e28   Section        0  mpu6050.o(i.Gesture_Judge)
    i.GetAccelValue                          0x08000e70   Section        0  mpu6050.o(i.GetAccelValue)
    i.GetGyroValue                           0x08000eb2   Section        0  mpu6050.o(i.GetGyroValue)
    i.GetMPUOutValue                         0x08000ef4   Section        0  mpu6050.o(i.GetMPUOutValue)
    i.HAL_Delay                              0x08000f10   Section        0  stm32l0xx_hal.o(i.HAL_Delay)
    i.HAL_GPIO_EXTI_Callback                 0x08000f28   Section        0  bluenrg_interface.o(i.HAL_GPIO_EXTI_Callback)
    i.HAL_GPIO_EXTI_IRQHandler               0x08001064   Section        0  stm32l0xx_hal_gpio.o(i.HAL_GPIO_EXTI_IRQHandler)
    i.HAL_GPIO_Init                          0x0800107c   Section        0  stm32l0xx_hal_gpio.o(i.HAL_GPIO_Init)
    i.HAL_GPIO_ReadPin                       0x080011d0   Section        0  stm32l0xx_hal_gpio.o(i.HAL_GPIO_ReadPin)
    i.HAL_GPIO_TogglePin                     0x080011de   Section        0  stm32l0xx_hal_gpio.o(i.HAL_GPIO_TogglePin)
    i.HAL_GPIO_WritePin                      0x080011e6   Section        0  stm32l0xx_hal_gpio.o(i.HAL_GPIO_WritePin)
    i.HAL_GetTick                            0x080011f4   Section        0  stm32l0xx_hal.o(i.HAL_GetTick)
    i.HAL_I2CEx_AnalogFilter_Config          0x08001200   Section        0  stm32l0xx_hal_i2c_ex.o(i.HAL_I2CEx_AnalogFilter_Config)
    i.HAL_I2C_GetError                       0x08001264   Section        0  stm32l0xx_hal_i2c.o(i.HAL_I2C_GetError)
    i.HAL_I2C_Init                           0x0800126c   Section        0  stm32l0xx_hal_i2c.o(i.HAL_I2C_Init)
    i.HAL_I2C_Master_Receive                 0x08001318   Section        0  stm32l0xx_hal_i2c.o(i.HAL_I2C_Master_Receive)
    i.HAL_I2C_Master_Transmit                0x08001440   Section        0  stm32l0xx_hal_i2c.o(i.HAL_I2C_Master_Transmit)
    i.HAL_I2C_MspInit                        0x0800156c   Section        0  i2c.o(i.HAL_I2C_MspInit)
    i.HAL_IncTick                            0x080015b0   Section        0  stm32l0xx_hal.o(i.HAL_IncTick)
    i.HAL_Init                               0x080015c0   Section        0  stm32l0xx_hal.o(i.HAL_Init)
    i.HAL_InitTick                           0x080015e8   Section        0  stm32l0xx_hal.o(i.HAL_InitTick)
    i.HAL_MspInit                            0x0800160c   Section        0  stm32l0xx_hal_msp.o(i.HAL_MspInit)
    i.HAL_NVIC_ClearPendingIRQ               0x08001628   Section        0  stm32l0xx_hal_cortex.o(i.HAL_NVIC_ClearPendingIRQ)
    i.HAL_NVIC_DisableIRQ                    0x0800163c   Section        0  stm32l0xx_hal_cortex.o(i.HAL_NVIC_DisableIRQ)
    i.HAL_NVIC_EnableIRQ                     0x08001650   Section        0  stm32l0xx_hal_cortex.o(i.HAL_NVIC_EnableIRQ)
    i.HAL_NVIC_SetPriority                   0x08001664   Section        0  stm32l0xx_hal_cortex.o(i.HAL_NVIC_SetPriority)
    i.HAL_RCCEx_PeriphCLKConfig              0x0800166c   Section        0  stm32l0xx_hal_rcc_ex.o(i.HAL_RCCEx_PeriphCLKConfig)
    i.HAL_RCC_ClockConfig                    0x080017b0   Section        0  stm32l0xx_hal_rcc.o(i.HAL_RCC_ClockConfig)
    i.HAL_RCC_GetHCLKFreq                    0x080019f4   Section        0  stm32l0xx_hal_rcc.o(i.HAL_RCC_GetHCLKFreq)
    i.HAL_RCC_GetPCLK1Freq                   0x08001a1c   Section        0  stm32l0xx_hal_rcc.o(i.HAL_RCC_GetPCLK1Freq)
    i.HAL_RCC_GetPCLK2Freq                   0x08001a3c   Section        0  stm32l0xx_hal_rcc.o(i.HAL_RCC_GetPCLK2Freq)
    i.HAL_RCC_GetSysClockFreq                0x08001a5c   Section        0  stm32l0xx_hal_rcc.o(i.HAL_RCC_GetSysClockFreq)
    i.HAL_RCC_OscConfig                      0x08001ae4   Section        0  stm32l0xx_hal_rcc.o(i.HAL_RCC_OscConfig)
    i.HAL_SPI_Init                           0x08001f1e   Section        0  stm32l0xx_hal_spi.o(i.HAL_SPI_Init)
    i.HAL_SPI_MspInit                        0x08001fa4   Section        0  stm32l0xx_nucleo_bluenrg.o(i.HAL_SPI_MspInit)
    i.HAL_SPI_TransmitReceive                0x080020a4   Section        0  stm32l0xx_hal_spi.o(i.HAL_SPI_TransmitReceive)
    i.HAL_SYSTICK_CLKSourceConfig            0x08002398   Section        0  stm32l0xx_hal_cortex.o(i.HAL_SYSTICK_CLKSourceConfig)
    i.HAL_SYSTICK_Callback                   0x080023b4   Section        0  stm32l0xx_hal_cortex.o(i.HAL_SYSTICK_Callback)
    i.HAL_SYSTICK_Config                     0x080023b8   Section        0  stm32l0xx_hal_cortex.o(i.HAL_SYSTICK_Config)
    i.HAL_SYSTICK_IRQHandler                 0x080023e8   Section        0  stm32l0xx_hal_cortex.o(i.HAL_SYSTICK_IRQHandler)
    i.HAL_TIMEx_MasterConfigSynchronization  0x080023f0   Section        0  stm32l0xx_hal_tim_ex.o(i.HAL_TIMEx_MasterConfigSynchronization)
    i.HAL_TIM_Base_Init                      0x08002438   Section        0  stm32l0xx_hal_tim.o(i.HAL_TIM_Base_Init)
    i.HAL_TIM_Base_MspInit                   0x0800246c   Section        0  stm32l0xx_hal_msp.o(i.HAL_TIM_Base_MspInit)
    i.HAL_TIM_Base_Start_IT                  0x0800249c   Section        0  stm32l0xx_hal_tim.o(i.HAL_TIM_Base_Start_IT)
    i.HAL_TIM_Base_Stop_IT                   0x080024b4   Section        0  stm32l0xx_hal_tim.o(i.HAL_TIM_Base_Stop_IT)
    i.HAL_TIM_IC_CaptureCallback             0x080024d8   Section        0  stm32l0xx_hal_tim.o(i.HAL_TIM_IC_CaptureCallback)
    i.HAL_TIM_IRQHandler                     0x080024da   Section        0  stm32l0xx_hal_tim.o(i.HAL_TIM_IRQHandler)
    i.HAL_TIM_OC_DelayElapsedCallback        0x08002608   Section        0  stm32l0xx_hal_tim.o(i.HAL_TIM_OC_DelayElapsedCallback)
    i.HAL_TIM_PWM_PulseFinishedCallback      0x0800260a   Section        0  stm32l0xx_hal_tim.o(i.HAL_TIM_PWM_PulseFinishedCallback)
    i.HAL_TIM_PeriodElapsedCallback          0x0800260c   Section        0  ultra.o(i.HAL_TIM_PeriodElapsedCallback)
    i.HAL_TIM_TriggerCallback                0x08002634   Section        0  stm32l0xx_hal_tim.o(i.HAL_TIM_TriggerCallback)
    i.HAL_UARTEx_WakeupCallback              0x08002636   Section        0  stm32l0xx_hal_uart_ex.o(i.HAL_UARTEx_WakeupCallback)
    i.HAL_UART_ErrorCallback                 0x08002638   Section        0  stm32l0xx_hal_uart.o(i.HAL_UART_ErrorCallback)
    i.HAL_UART_IRQHandler                    0x0800263a   Section        0  stm32l0xx_hal_uart.o(i.HAL_UART_IRQHandler)
    i.HAL_UART_Init                          0x0800270c   Section        0  stm32l0xx_hal_uart.o(i.HAL_UART_Init)
    i.HAL_UART_MspInit                       0x08002774   Section        0  stm32l0xx_hal_msp.o(i.HAL_UART_MspInit)
    i.HAL_UART_RxCpltCallback                0x080027b8   Section        0  stm32l0xx_hal_uart.o(i.HAL_UART_RxCpltCallback)
    i.HAL_UART_TxCpltCallback                0x080027ba   Section        0  stm32l0xx_hal_uart.o(i.HAL_UART_TxCpltCallback)
    i.HCI_Event_CB                           0x080027bc   Section        0  sensor_service.o(i.HCI_Event_CB)
    i.HCI_Init                               0x08002818   Section        0  hci.o(i.HCI_Init)
    i.HCI_Input                              0x0800284c   Section        0  hci.o(i.HCI_Input)
    i.HCI_Process                            0x08002908   Section        0  hci.o(i.HCI_Process)
    i.Hal_Write_Serial                       0x08002950   Section        0  bluenrg_interface.o(i.Hal_Write_Serial)
    i.HardFault_Handler                      0x08002994   Section        0  stm32l0xx_it.o(i.HardFault_Handler)
    i.Humidity_Update                        0x08002998   Section        0  sensor_service.o(i.Humidity_Update)
    i.I2C_IsAcknowledgeFailed                0x080029c0   Section        0  stm32l0xx_hal_i2c.o(i.I2C_IsAcknowledgeFailed)
    I2C_IsAcknowledgeFailed                  0x080029c1   Thumb Code   144  stm32l0xx_hal_i2c.o(i.I2C_IsAcknowledgeFailed)
    i.I2C_TransferConfig                     0x08002a54   Section        0  stm32l0xx_hal_i2c.o(i.I2C_TransferConfig)
    I2C_TransferConfig                       0x08002a55   Thumb Code    30  stm32l0xx_hal_i2c.o(i.I2C_TransferConfig)
    i.I2C_WaitOnFlagUntilTimeout             0x08002a78   Section        0  stm32l0xx_hal_i2c.o(i.I2C_WaitOnFlagUntilTimeout)
    I2C_WaitOnFlagUntilTimeout               0x08002a79   Thumb Code   120  stm32l0xx_hal_i2c.o(i.I2C_WaitOnFlagUntilTimeout)
    i.I2C_WaitOnSTOPFlagUntilTimeout         0x08002af0   Section        0  stm32l0xx_hal_i2c.o(i.I2C_WaitOnSTOPFlagUntilTimeout)
    I2C_WaitOnSTOPFlagUntilTimeout           0x08002af1   Thumb Code    80  stm32l0xx_hal_i2c.o(i.I2C_WaitOnSTOPFlagUntilTimeout)
    i.I2C_WaitOnTXISFlagUntilTimeout         0x08002b40   Section        0  stm32l0xx_hal_i2c.o(i.I2C_WaitOnTXISFlagUntilTimeout)
    I2C_WaitOnTXISFlagUntilTimeout           0x08002b41   Thumb Code    84  stm32l0xx_hal_i2c.o(i.I2C_WaitOnTXISFlagUntilTimeout)
    i.InitMPU6050                            0x08002b94   Section        0  mpu6050.o(i.InitMPU6050)
    i.MX_GPIO_Init                           0x08002bc0   Section        0  gpio.o(i.MX_GPIO_Init)
    i.MX_I2C1_Init                           0x08002be8   Section        0  i2c.o(i.MX_I2C1_Init)
    i.MX_TIM6_Init                           0x08002c20   Section        0  ultra.o(i.MX_TIM6_Init)
    i.MX_USART2_UART_Init                    0x08002c4c   Section        0  usart2.o(i.MX_USART2_UART_Init)
    i.NMI_Handler                            0x08002c80   Section        0  stm32l0xx_it.o(i.NMI_Handler)
    i.NVIC_SetPriority                       0x08002c84   Section        0  stm32l0xx_hal_cortex.o(i.NVIC_SetPriority)
    NVIC_SetPriority                         0x08002c85   Thumb Code    60  stm32l0xx_hal_cortex.o(i.NVIC_SetPriority)
    i.Osal_MemCpy                            0x08002cc8   Section        0  osal.o(i.Osal_MemCpy)
    i.Osal_MemSet                            0x08002cd0   Section        0  osal.o(i.Osal_MemSet)
    i.PendSV_Handler                         0x08002cd8   Section        0  stm32l0xx_it.o(i.PendSV_Handler)
    i.Press_Update                           0x08002cdc   Section        0  sensor_service.o(i.Press_Update)
    i.Read_ACCEL_Request_CB                  0x08002d04   Section        0  sensor_service.o(i.Read_ACCEL_Request_CB)
    i.SPI_WaitOnFlagUntilTimeout             0x08002d8c   Section        0  stm32l0xx_hal_spi.o(i.SPI_WaitOnFlagUntilTimeout)
    SPI_WaitOnFlagUntilTimeout               0x08002d8d   Thumb Code   204  stm32l0xx_hal_spi.o(i.SPI_WaitOnFlagUntilTimeout)
    i.SVC_Handler                            0x08002e58   Section        0  stm32l0xx_it.o(i.SVC_Handler)
    i.Set_Echo1_Falling_Interrupt            0x08002e5c   Section        0  ultra.o(i.Set_Echo1_Falling_Interrupt)
    i.Set_Echo1_Rising_Interrupt             0x08002e90   Section        0  ultra.o(i.Set_Echo1_Rising_Interrupt)
    i.Set_Echo2_Falling_Interrupt            0x08002ec4   Section        0  ultra.o(i.Set_Echo2_Falling_Interrupt)
    i.Set_Echo2_Rising_Interrupt             0x08002ef8   Section        0  ultra.o(i.Set_Echo2_Rising_Interrupt)
    i.Set_Echo3_Falling_Interrupt            0x08002f2c   Section        0  ultra.o(i.Set_Echo3_Falling_Interrupt)
    i.Set_Echo3_Rising_Interrupt             0x08002f60   Section        0  ultra.o(i.Set_Echo3_Rising_Interrupt)
    i.Set_Echo_Disable_Interrupt             0x08002f94   Section        0  ultra.o(i.Set_Echo_Disable_Interrupt)
    i.Single_ReadI2C                         0x08002fa0   Section        0  mpu6050.o(i.Single_ReadI2C)
    i.Single_WriteI2C                        0x08002fe8   Section        0  mpu6050.o(i.Single_WriteI2C)
    i.SysTick_Handler                        0x08003018   Section        0  stm32l0xx_it.o(i.SysTick_Handler)
    i.SystemClock_Config                     0x08003024   Section        0  main.o(i.SystemClock_Config)
    i.SystemInit                             0x080030ac   Section        0  system_stm32l0xx.o(i.SystemInit)
    i.TIM6_DAC_IRQHandler                    0x08003100   Section        0  stm32l0xx_it.o(i.TIM6_DAC_IRQHandler)
    i.TIM_Base_SetConfig                     0x08003110   Section        0  stm32l0xx_hal_tim.o(i.TIM_Base_SetConfig)
    TIM_Base_SetConfig                       0x08003111   Thumb Code    62  stm32l0xx_hal_tim.o(i.TIM_Base_SetConfig)
    i.Temp_Update                            0x08003158   Section        0  sensor_service.o(i.Temp_Update)
    i.Timer_Expired                          0x08003180   Section        0  gp_timer.o(i.Timer_Expired)
    i.Timer_Set                              0x0800319c   Section        0  gp_timer.o(i.Timer_Set)
    i.Trig1_Enable                           0x080031ac   Section        0  ultra.o(i.Trig1_Enable)
    i.Trig2_Enable                           0x080031d0   Section        0  ultra.o(i.Trig2_Enable)
    i.Trig3_Enable                           0x080031f4   Section        0  ultra.o(i.Trig3_Enable)
    i.Trig_Delay                             0x08003218   Section        0  ultra.o(i.Trig_Delay)
    i.UART_AdvFeatureConfig                  0x08003224   Section        0  stm32l0xx_hal_uart.o(i.UART_AdvFeatureConfig)
    i.UART_CheckIdleState                    0x080032f0   Section        0  stm32l0xx_hal_uart.o(i.UART_CheckIdleState)
    i.UART_Receive_IT                        0x08003348   Section        0  stm32l0xx_hal_uart.o(i.UART_Receive_IT)
    UART_Receive_IT                          0x08003349   Thumb Code   152  stm32l0xx_hal_uart.o(i.UART_Receive_IT)
    i.UART_SetConfig                         0x080033e0   Section        0  stm32l0xx_hal_uart.o(i.UART_SetConfig)
    i.UART_Transmit_IT                       0x080035ec   Section        0  stm32l0xx_hal_uart.o(i.UART_Transmit_IT)
    UART_Transmit_IT                         0x080035ed   Thumb Code   168  stm32l0xx_hal_uart.o(i.UART_Transmit_IT)
    i.UART_WaitOnFlagUntilTimeout            0x08003698   Section        0  stm32l0xx_hal_uart.o(i.UART_WaitOnFlagUntilTimeout)
    i.USART2_IRQHandler                      0x08003760   Section        0  usart2.o(i.USART2_IRQHandler)
    i.Ultra_GPIO_Init                        0x080037dc   Section        0  ultra.o(i.Ultra_GPIO_Init)
    i.User_Process                           0x0800384c   Section        0  main.o(i.User_Process)
    i.__ARM_clz                              0x08003898   Section        0  depilogue.o(i.__ARM_clz)
    i.__ARM_common_switch8                   0x080038c6   Section        0  stm32l0xx_hal_uart.o(i.__ARM_common_switch8)
    i.__scatterload_copy                     0x080038e0   Section       14  handlers.o(i.__scatterload_copy)
    i.__scatterload_null                     0x080038ee   Section        2  handlers.o(i.__scatterload_null)
    i.__scatterload_zeroinit                 0x080038f0   Section       14  handlers.o(i.__scatterload_zeroinit)
    i.aci_gap_init                           0x080038fe   Section        0  bluenrg_hci.o(i.aci_gap_init)
    i.aci_gap_set_auth_requirement           0x08003978   Section        0  bluenrg_hci.o(i.aci_gap_set_auth_requirement)
    i.aci_gap_set_discoverable               0x080039ea   Section        0  bluenrg_hci.o(i.aci_gap_set_discoverable)
    i.aci_gatt_add_char                      0x08003a90   Section        0  bluenrg_hci.o(i.aci_gatt_add_char)
    i.aci_gatt_add_char_desc                 0x08003b44   Section        0  bluenrg_hci.o(i.aci_gatt_add_char_desc)
    i.aci_gatt_add_serv                      0x08003c18   Section        0  bluenrg_hci.o(i.aci_gatt_add_serv)
    i.aci_gatt_allow_read                    0x08003c9e   Section        0  bluenrg_hci.o(i.aci_gatt_allow_read)
    i.aci_gatt_init                          0x08003ce4   Section        0  bluenrg_hci.o(i.aci_gatt_init)
    i.aci_gatt_update_char_value             0x08003d20   Section        0  bluenrg_hci.o(i.aci_gatt_update_char_value)
    i.aci_hal_set_tx_power_level             0x08003d90   Section        0  bluenrg_hci.o(i.aci_hal_set_tx_power_level)
    i.aci_hal_write_config_data              0x08003dd8   Section        0  bluenrg_hci.o(i.aci_hal_write_config_data)
    i.enqueue_packet                         0x08003e30   Section        0  hci.o(i.enqueue_packet)
    enqueue_packet                           0x08003e31   Thumb Code    46  hci.o(i.enqueue_packet)
    i.hci_le_set_scan_resp_data              0x08003e64   Section        0  hci.o(i.hci_le_set_scan_resp_data)
    i.hci_send_cmd                           0x08003ed2   Section        0  hci.o(i.hci_send_cmd)
    i.hci_send_req                           0x08003f04   Section        0  hci.o(i.hci_send_req)
    i.hci_set_packet_complete_callback       0x08004040   Section        0  hci.o(i.hci_set_packet_complete_callback)
    hci_set_packet_complete_callback         0x08004041   Thumb Code     6  hci.o(i.hci_set_packet_complete_callback)
    i.hci_write                              0x0800404c   Section        0  hci.o(i.hci_write)
    i.list_init_head                         0x08004054   Section        0  list.o(i.list_init_head)
    i.list_insert_head                       0x0800405a   Section        0  list.o(i.list_insert_head)
    i.list_insert_tail                       0x08004068   Section        0  list.o(i.list_insert_tail)
    i.list_is_empty                          0x08004076   Section        0  list.o(i.list_is_empty)
    i.list_remove_head                       0x08004084   Section        0  list.o(i.list_remove_head)
    i.list_remove_node                       0x0800409e   Section        0  list.o(i.list_remove_node)
    i.main                                   0x080040ac   Section        0  main.o(i.main)
    i.new_hci_event                          0x080041f8   Section        0  hci.o(i.new_hci_event)
    i.setConnectable                         0x0800420c   Section        0  sensor_service.o(i.setConnectable)
    .constdata                               0x0800424c   Section        6  stm32l0xx_nucleo.o(.constdata)
    .constdata                               0x08004254   Section       28  stm32l0xx_hal_rcc.o(.constdata)
    .constdata                               0x08004270   Section        4  clock.o(.constdata)
    .data                                    0x20000000   Section       16  stm32l0xx_nucleo.o(.data)
    sConfig                                  0x2000000c   Data           4  stm32l0xx_nucleo.o(.data)
    .data                                    0x20000010   Section       29  system_stm32l0xx.o(.data)
    .data                                    0x20000030   Section        4  stm32l0xx_hal.o(.data)
    uwTick                                   0x20000030   Data           4  stm32l0xx_hal.o(.data)
    .data                                    0x20000034   Section       25  stm32l0xx_hal_rcc.o(.data)
    PLLMulTable                              0x20000034   Data           9  stm32l0xx_hal_rcc.o(.data)
    APBAHBPrescTable                         0x2000003d   Data          16  stm32l0xx_hal_rcc.o(.data)
    .data                                    0x2000004d   Section        1  stm32l0xx_it.o(.data)
    .data                                    0x20000050   Section       30  sensor_service.o(.data)
    .data                                    0x20000070   Section       28  hci.o(.data)
    state                                    0x20000070   Data           1  hci.o(.data)
    new_packet                               0x20000071   Data           1  hci.o(.data)
    hci_pckt_len                             0x20000072   Data           2  hci.o(.data)
    hci_buffer                               0x20000074   Data           4  hci.o(.data)
    packet_complete_callback                 0x20000078   Data           4  hci.o(.data)
    .data                                    0x2000008c   Section       16  mpu6050.o(.data)
    .data                                    0x2000009c   Section        2  usart2.o(.data)
    .data                                    0x2000009e   Section        1  ultra.o(.data)
    .data                                    0x2000009f   Section        1  ultra.o(.data)
    .data                                    0x200000a0   Section        1  ultra.o(.data)
    .data                                    0x200000a2   Section        2  ultra.o(.data)
    .data                                    0x200000a4   Section        2  ultra.o(.data)
    .data                                    0x200000a6   Section        2  ultra.o(.data)
    .data                                    0x200000a8   Section        1  ultra.o(.data)
    .bss                                     0x200000ac   Section       84  stm32_bluenrg_ble.o(.bss)
    .bss                                     0x20000100   Section     1320  hci.o(.bss)
    hciReadPacketBuffer                      0x20000100   Data        1320  hci.o(.bss)
    .bss                                     0x20000628   Section       56  i2c.o(.bss)
    .bss                                     0x20000660   Section      308  usart2.o(.bss)
    .bss                                     0x20000794   Section       56  ultra.o(.bss)
    STACK                                    0x200007d0   Section     1024  startup_stm32l053xx.o(STACK)

    Global Symbols

    Symbol Name                              Value     Ov Type        Size  Object(Section)

    BuildAttributes$$THM_ISAv3M$S$PE$A:L22$X:L11$S22$IEEE1$IW$USESV6$~STKCKD$USESV7$~SHL$OTIME$ROPI$EBA8$MICROLIB$REQ8$PRES8$EABIv2 0x00000000   Number         0  anon$$obj.o ABSOLUTE
    __ARM_use_no_argv                        0x00000000   Number         0  main.o ABSOLUTE
    __use_no_errno                           0x00000000   Number         0  useno.o ABSOLUTE
    __use_no_exception_handling              0x00000000   Number         0  useno.o ABSOLUTE
    __use_no_fp                              0x00000000   Number         0  useno.o ABSOLUTE
    __use_no_heap                            0x00000000   Number         0  useno.o ABSOLUTE
    __use_no_heap_region                     0x00000000   Number         0  useno.o ABSOLUTE
    __use_no_semihosting                     0x00000000   Number         0  useno.o ABSOLUTE
    __use_no_semihosting_swi                 0x00000000   Number         0  useno.o ABSOLUTE
    __use_no_signal_handling                 0x00000000   Number         0  useno.o ABSOLUTE
    __cpp_initialize__aeabi_                  - Undefined Weak Reference
    __cxa_finalize                            - Undefined Weak Reference
    __decompress                              - Undefined Weak Reference
    _clock_init                               - Undefined Weak Reference
    _microlib_exit                            - Undefined Weak Reference
    __Vectors_Size                           0x000000c0   Number         0  startup_stm32l053xx.o ABSOLUTE
    __Vectors                                0x08000000   Data           4  startup_stm32l053xx.o(RESET)
    __Vectors_End                            0x080000c0   Data           0  startup_stm32l053xx.o(RESET)
    __main                                   0x080000c1   Thumb Code     0  entry.o(.ARM.Collect$$$$00000000)
    _main_stk                                0x080000c1   Thumb Code     0  entry2.o(.ARM.Collect$$$$00000001)
    _main_scatterload                        0x080000c5   Thumb Code     0  entry5.o(.ARM.Collect$$$$00000004)
    __main_after_scatterload                 0x080000c9   Thumb Code     0  entry5.o(.ARM.Collect$$$$00000004)
    _main_clock                              0x080000c9   Thumb Code     0  entry7b.o(.ARM.Collect$$$$00000008)
    _main_cpp_init                           0x080000c9   Thumb Code     0  entry8b.o(.ARM.Collect$$$$0000000A)
    _main_init                               0x080000c9   Thumb Code     0  entry9a.o(.ARM.Collect$$$$0000000B)
    __rt_final_cpp                           0x080000d1   Thumb Code     0  entry10a.o(.ARM.Collect$$$$0000000D)
    __rt_final_exit                          0x080000d1   Thumb Code     0  entry11a.o(.ARM.Collect$$$$0000000F)
    Reset_Handler                            0x080000d5   Thumb Code     8  startup_stm32l053xx.o(.text)
    ADC1_COMP_IRQHandler                     0x080000e9   Thumb Code     0  startup_stm32l053xx.o(.text)
    DMA1_Channel1_IRQHandler                 0x080000e9   Thumb Code     0  startup_stm32l053xx.o(.text)
    DMA1_Channel2_3_IRQHandler               0x080000e9   Thumb Code     0  startup_stm32l053xx.o(.text)
    DMA1_Channel4_5_6_7_IRQHandler           0x080000e9   Thumb Code     0  startup_stm32l053xx.o(.text)
    EXTI2_3_IRQHandler                       0x080000e9   Thumb Code     0  startup_stm32l053xx.o(.text)
    FLASH_IRQHandler                         0x080000e9   Thumb Code     0  startup_stm32l053xx.o(.text)
    I2C1_IRQHandler                          0x080000e9   Thumb Code     0  startup_stm32l053xx.o(.text)
    I2C2_IRQHandler                          0x080000e9   Thumb Code     0  startup_stm32l053xx.o(.text)
    LCD_IRQHandler                           0x080000e9   Thumb Code     0  startup_stm32l053xx.o(.text)
    LPTIM1_IRQHandler                        0x080000e9   Thumb Code     0  startup_stm32l053xx.o(.text)
    PVD_IRQHandler                           0x080000e9   Thumb Code     0  startup_stm32l053xx.o(.text)
    RCC_CRS_IRQHandler                       0x080000e9   Thumb Code     0  startup_stm32l053xx.o(.text)
    RNG_LPUART1_IRQHandler                   0x080000e9   Thumb Code     0  startup_stm32l053xx.o(.text)
    RTC_IRQHandler                           0x080000e9   Thumb Code     0  startup_stm32l053xx.o(.text)
    SPI1_IRQHandler                          0x080000e9   Thumb Code     0  startup_stm32l053xx.o(.text)
    SPI2_IRQHandler                          0x080000e9   Thumb Code     0  startup_stm32l053xx.o(.text)
    TIM21_IRQHandler                         0x080000e9   Thumb Code     0  startup_stm32l053xx.o(.text)
    TIM22_IRQHandler                         0x080000e9   Thumb Code     0  startup_stm32l053xx.o(.text)
    TIM2_IRQHandler                          0x080000e9   Thumb Code     0  startup_stm32l053xx.o(.text)
    TSC_IRQHandler                           0x080000e9   Thumb Code     0  startup_stm32l053xx.o(.text)
    USART1_IRQHandler                        0x080000e9   Thumb Code     0  startup_stm32l053xx.o(.text)
    USB_IRQHandler                           0x080000e9   Thumb Code     0  startup_stm32l053xx.o(.text)
    WWDG_IRQHandler                          0x080000e9   Thumb Code     0  startup_stm32l053xx.o(.text)
    __aeabi_uidiv                            0x080000f5   Thumb Code     0  uidiv.o(.text)
    __aeabi_uidivmod                         0x080000f5   Thumb Code    44  uidiv.o(.text)
    ___aeabi_memcpy$ret                      0x08000121   Thumb Code    40  memcpy.o(.text)
    ___aeabi_memcpy4$ret                     0x08000121   Thumb Code     0  memcpy.o(.text)
    ___aeabi_memcpy8$ret                     0x08000121   Thumb Code     0  memcpy.o(.text)
    memcpy                                   0x08000121   Thumb Code     0  memcpy.o(.text)
    memset                                   0x08000149   Thumb Code    18  memset.o(.text)
    strlen                                   0x0800015b   Thumb Code    14  strlen.o(.text)
    __aeabi_uwrite4                          0x08000169   Thumb Code    18  uwrite4.o(.text)
    __rt_uwrite4                             0x08000169   Thumb Code     0  uwrite4.o(.text)
    _uwrite4                                 0x08000169   Thumb Code     0  uwrite4.o(.text)
    __aeabi_fmul                             0x0800017b   Thumb Code   122  fmul.o(.text)
    __ARM_scalbnf                            0x080001f5   Thumb Code    24  fscalb.o(.text)
    scalbnf                                  0x080001f5   Thumb Code     0  fscalb.o(.text)
    __aeabi_dmul                             0x0800020d   Thumb Code   202  dmul.o(.text)
    __aeabi_ui2f                             0x080002dd   Thumb Code    14  ffltui.o(.text)
    __aeabi_f2uiz                            0x080002eb   Thumb Code    40  ffixui.o(.text)
    __aeabi_f2d                              0x08000313   Thumb Code    40  f2d.o(.text)
    __aeabi_d2f                              0x0800033b   Thumb Code    56  d2f.o(.text)
    __I$use$fp                               0x08000373   Thumb Code     0  iusefp.o(.text)
    _float_round                             0x08000373   Thumb Code    16  fepilogue.o(.text)
    _float_epilogue                          0x08000383   Thumb Code   114  fepilogue.o(.text)
    _double_round                            0x080003f5   Thumb Code    26  depilogue.o(.text)
    _double_epilogue                         0x0800040f   Thumb Code   164  depilogue.o(.text)
    __scatterload                            0x080004b5   Thumb Code    28  init.o(.text)
    __scatterload_rt2                        0x080004b5   Thumb Code     0  init.o(.text)
    __aeabi_llsl                             0x080004d9   Thumb Code    32  llshl.o(.text)
    _ll_shift_l                              0x080004d9   Thumb Code     0  llshl.o(.text)
    __aeabi_llsr                             0x080004f9   Thumb Code    34  llushr.o(.text)
    _ll_ushift_r                             0x080004f9   Thumb Code     0  llushr.o(.text)
    Acc_Update                               0x0800051d   Thumb Code    64  sensor_service.o(i.Acc_Update)
    AccelData_Process                        0x08000561   Thumb Code   154  mpu6050.o(i.AccelData_Process)
    Add_Acc_Service                          0x08000609   Thumb Code   302  sensor_service.o(i.Add_Acc_Service)
    Add_Environmental_Sensor_Service         0x0800073d   Thumb Code   622  sensor_service.o(i.Add_Environmental_Sensor_Service)
    BNRG_SPI_Init                            0x080009b9   Thumb Code    50  stm32_bluenrg_ble.o(i.BNRG_SPI_Init)
    BSP_LED_Init                             0x080009f5   Thumb Code    50  stm32l0xx_nucleo.o(i.BSP_LED_Init)
    BSP_LED_Toggle                           0x08000a35   Thumb Code    20  stm32l0xx_nucleo.o(i.BSP_LED_Toggle)
    BSP_PB_GetState                          0x08000a51   Thumb Code    20  stm32l0xx_nucleo.o(i.BSP_PB_GetState)
    BSP_PB_Init                              0x08000a6d   Thumb Code   176  stm32l0xx_nucleo.o(i.BSP_PB_Init)
    BlueNRG_RST                              0x08000b35   Thumb Code    44  stm32_bluenrg_ble.o(i.BlueNRG_RST)
    BlueNRG_SPI_Read_All                     0x08000b61   Thumb Code   150  stm32_bluenrg_ble.o(i.BlueNRG_SPI_Read_All)
    BlueNRG_SPI_Write                        0x08000c01   Thumb Code   144  stm32_bluenrg_ble.o(i.BlueNRG_SPI_Write)
    Clear_SPI_EXTI_Flag                      0x08000ca1   Thumb Code     8  stm32_bluenrg_ble.o(i.Clear_SPI_EXTI_Flag)
    Clock_Time                               0x08000cad   Thumb Code     8  clock.o(i.Clock_Time)
    DebugMon_Handler                         0x08000cb5   Thumb Code     2  stm32l0xx_it.o(i.DebugMon_Handler)
    Disable_SPI_IRQ                          0x08000cb7   Thumb Code    10  stm32_bluenrg_ble.o(i.Disable_SPI_IRQ)
    EXTI0_1_IRQHandler                       0x08000cc1   Thumb Code    10  stm32l0xx_it.o(i.EXTI0_1_IRQHandler)
    EXTI4_15_IRQHandler                      0x08000ccd   Thumb Code    44  stm32l0xx_it.o(i.EXTI4_15_IRQHandler)
    Enable_SPI_IRQ                           0x08000cfd   Thumb Code    10  stm32_bluenrg_ble.o(i.Enable_SPI_IRQ)
    GAP_ConnectionComplete_CB                0x08000d09   Thumb Code    18  sensor_service.o(i.GAP_ConnectionComplete_CB)
    GAP_DisconnectionComplete_CB             0x08000d21   Thumb Code    14  sensor_service.o(i.GAP_DisconnectionComplete_CB)
    GYROData_Process                         0x08000d35   Thumb Code   236  mpu6050.o(i.GYROData_Process)
    Gesture_Judge                            0x08000e29   Thumb Code    66  mpu6050.o(i.Gesture_Judge)
    GetAccelValue                            0x08000e71   Thumb Code    66  mpu6050.o(i.GetAccelValue)
    GetGyroValue                             0x08000eb3   Thumb Code    66  mpu6050.o(i.GetGyroValue)
    GetMPUOutValue                           0x08000ef5   Thumb Code    28  mpu6050.o(i.GetMPUOutValue)
    HAL_Delay                                0x08000f11   Thumb Code    22  stm32l0xx_hal.o(i.HAL_Delay)
    HAL_GPIO_EXTI_Callback                   0x08000f29   Thumb Code   278  bluenrg_interface.o(i.HAL_GPIO_EXTI_Callback)
    HAL_GPIO_EXTI_IRQHandler                 0x08001065   Thumb Code    18  stm32l0xx_hal_gpio.o(i.HAL_GPIO_EXTI_IRQHandler)
    HAL_GPIO_Init                            0x0800107d   Thumb Code   312  stm32l0xx_hal_gpio.o(i.HAL_GPIO_Init)
    HAL_GPIO_ReadPin                         0x080011d1   Thumb Code    14  stm32l0xx_hal_gpio.o(i.HAL_GPIO_ReadPin)
    HAL_GPIO_TogglePin                       0x080011df   Thumb Code     8  stm32l0xx_hal_gpio.o(i.HAL_GPIO_TogglePin)
    HAL_GPIO_WritePin                        0x080011e7   Thumb Code    12  stm32l0xx_hal_gpio.o(i.HAL_GPIO_WritePin)
    HAL_GetTick                              0x080011f5   Thumb Code     6  stm32l0xx_hal.o(i.HAL_GetTick)
    HAL_I2CEx_AnalogFilter_Config            0x08001201   Thumb Code   100  stm32l0xx_hal_i2c_ex.o(i.HAL_I2CEx_AnalogFilter_Config)
    HAL_I2C_GetError                         0x08001265   Thumb Code     6  stm32l0xx_hal_i2c.o(i.HAL_I2C_GetError)
    HAL_I2C_Init                             0x0800126d   Thumb Code   168  stm32l0xx_hal_i2c.o(i.HAL_I2C_Init)
    HAL_I2C_Master_Receive                   0x08001319   Thumb Code   290  stm32l0xx_hal_i2c.o(i.HAL_I2C_Master_Receive)
    HAL_I2C_Master_Transmit                  0x08001441   Thumb Code   294  stm32l0xx_hal_i2c.o(i.HAL_I2C_Master_Transmit)
    HAL_I2C_MspInit                          0x0800156d   Thumb Code    54  i2c.o(i.HAL_I2C_MspInit)
    HAL_IncTick                              0x080015b1   Thumb Code    10  stm32l0xx_hal.o(i.HAL_IncTick)
    HAL_Init                                 0x080015c1   Thumb Code    34  stm32l0xx_hal.o(i.HAL_Init)
    HAL_InitTick                             0x080015e9   Thumb Code    34  stm32l0xx_hal.o(i.HAL_InitTick)
    HAL_MspInit                              0x0800160d   Thumb Code    24  stm32l0xx_hal_msp.o(i.HAL_MspInit)
    HAL_NVIC_ClearPendingIRQ                 0x08001629   Thumb Code    14  stm32l0xx_hal_cortex.o(i.HAL_NVIC_ClearPendingIRQ)
    HAL_NVIC_DisableIRQ                      0x0800163d   Thumb Code    14  stm32l0xx_hal_cortex.o(i.HAL_NVIC_DisableIRQ)
    HAL_NVIC_EnableIRQ                       0x08001651   Thumb Code    14  stm32l0xx_hal_cortex.o(i.HAL_NVIC_EnableIRQ)
    HAL_NVIC_SetPriority                     0x08001665   Thumb Code     8  stm32l0xx_hal_cortex.o(i.HAL_NVIC_SetPriority)
    HAL_RCCEx_PeriphCLKConfig                0x0800166d   Thumb Code   310  stm32l0xx_hal_rcc_ex.o(i.HAL_RCCEx_PeriphCLKConfig)
    HAL_RCC_ClockConfig                      0x080017b1   Thumb Code   568  stm32l0xx_hal_rcc.o(i.HAL_RCC_ClockConfig)
    HAL_RCC_GetHCLKFreq                      0x080019f5   Thumb Code    26  stm32l0xx_hal_rcc.o(i.HAL_RCC_GetHCLKFreq)
    HAL_RCC_GetPCLK1Freq                     0x08001a1d   Thumb Code    22  stm32l0xx_hal_rcc.o(i.HAL_RCC_GetPCLK1Freq)
    HAL_RCC_GetPCLK2Freq                     0x08001a3d   Thumb Code    22  stm32l0xx_hal_rcc.o(i.HAL_RCC_GetPCLK2Freq)
    HAL_RCC_GetSysClockFreq                  0x08001a5d   Thumb Code   110  stm32l0xx_hal_rcc.o(i.HAL_RCC_GetSysClockFreq)
    HAL_RCC_OscConfig                        0x08001ae5   Thumb Code  1082  stm32l0xx_hal_rcc.o(i.HAL_RCC_OscConfig)
    HAL_SPI_Init                             0x08001f1f   Thumb Code   132  stm32l0xx_hal_spi.o(i.HAL_SPI_Init)
    HAL_SPI_MspInit                          0x08001fa5   Thumb Code   238  stm32l0xx_nucleo_bluenrg.o(i.HAL_SPI_MspInit)
    HAL_SPI_TransmitReceive                  0x080020a5   Thumb Code   756  stm32l0xx_hal_spi.o(i.HAL_SPI_TransmitReceive)
    HAL_SYSTICK_CLKSourceConfig              0x08002399   Thumb Code    24  stm32l0xx_hal_cortex.o(i.HAL_SYSTICK_CLKSourceConfig)
    HAL_SYSTICK_Callback                     0x080023b5   Thumb Code     2  stm32l0xx_hal_cortex.o(i.HAL_SYSTICK_Callback)
    HAL_SYSTICK_Config                       0x080023b9   Thumb Code    38  stm32l0xx_hal_cortex.o(i.HAL_SYSTICK_Config)
    HAL_SYSTICK_IRQHandler                   0x080023e9   Thumb Code     8  stm32l0xx_hal_cortex.o(i.HAL_SYSTICK_IRQHandler)
    HAL_TIMEx_MasterConfigSynchronization    0x080023f1   Thumb Code    72  stm32l0xx_hal_tim_ex.o(i.HAL_TIMEx_MasterConfigSynchronization)
    HAL_TIM_Base_Init                        0x08002439   Thumb Code    50  stm32l0xx_hal_tim.o(i.HAL_TIM_Base_Init)
    HAL_TIM_Base_MspInit                     0x0800246d   Thumb Code    38  stm32l0xx_hal_msp.o(i.HAL_TIM_Base_MspInit)
    HAL_TIM_Base_Start_IT                    0x0800249d   Thumb Code    22  stm32l0xx_hal_tim.o(i.HAL_TIM_Base_Start_IT)
    HAL_TIM_Base_Stop_IT                     0x080024b5   Thumb Code    32  stm32l0xx_hal_tim.o(i.HAL_TIM_Base_Stop_IT)
    HAL_TIM_IC_CaptureCallback               0x080024d9   Thumb Code     2  stm32l0xx_hal_tim.o(i.HAL_TIM_IC_CaptureCallback)
    HAL_TIM_IRQHandler                       0x080024db   Thumb Code   302  stm32l0xx_hal_tim.o(i.HAL_TIM_IRQHandler)
    HAL_TIM_OC_DelayElapsedCallback          0x08002609   Thumb Code     2  stm32l0xx_hal_tim.o(i.HAL_TIM_OC_DelayElapsedCallback)
    HAL_TIM_PWM_PulseFinishedCallback        0x0800260b   Thumb Code     2  stm32l0xx_hal_tim.o(i.HAL_TIM_PWM_PulseFinishedCallback)
    HAL_TIM_PeriodElapsedCallback            0x0800260d   Thumb Code    26  ultra.o(i.HAL_TIM_PeriodElapsedCallback)
    HAL_TIM_TriggerCallback                  0x08002635   Thumb Code     2  stm32l0xx_hal_tim.o(i.HAL_TIM_TriggerCallback)
    HAL_UARTEx_WakeupCallback                0x08002637   Thumb Code     2  stm32l0xx_hal_uart_ex.o(i.HAL_UARTEx_WakeupCallback)
    HAL_UART_ErrorCallback                   0x08002639   Thumb Code     2  stm32l0xx_hal_uart.o(i.HAL_UART_ErrorCallback)
    HAL_UART_IRQHandler                      0x0800263b   Thumb Code   210  stm32l0xx_hal_uart.o(i.HAL_UART_IRQHandler)
    HAL_UART_Init                            0x0800270d   Thumb Code   104  stm32l0xx_hal_uart.o(i.HAL_UART_Init)
    HAL_UART_MspInit                         0x08002775   Thumb Code    58  stm32l0xx_hal_msp.o(i.HAL_UART_MspInit)
    HAL_UART_RxCpltCallback                  0x080027b9   Thumb Code     2  stm32l0xx_hal_uart.o(i.HAL_UART_RxCpltCallback)
    HAL_UART_TxCpltCallback                  0x080027bb   Thumb Code     2  stm32l0xx_hal_uart.o(i.HAL_UART_TxCpltCallback)
    HCI_Event_CB                             0x080027bd   Thumb Code    86  sensor_service.o(i.HCI_Event_CB)
    HCI_Init                                 0x08002819   Thumb Code    44  hci.o(i.HCI_Init)
    HCI_Input                                0x0800284d   Thumb Code   182  hci.o(i.HCI_Input)
    HCI_Process                              0x08002909   Thumb Code    68  hci.o(i.HCI_Process)
    Hal_Write_Serial                         0x08002951   Thumb Code    60  bluenrg_interface.o(i.Hal_Write_Serial)
    HardFault_Handler                        0x08002995   Thumb Code     2  stm32l0xx_it.o(i.HardFault_Handler)
    Humidity_Update                          0x08002999   Thumb Code    34  sensor_service.o(i.Humidity_Update)
    InitMPU6050                              0x08002b95   Thumb Code    44  mpu6050.o(i.InitMPU6050)
    MX_GPIO_Init                             0x08002bc1   Thumb Code    36  gpio.o(i.MX_GPIO_Init)
    MX_I2C1_Init                             0x08002be9   Thumb Code    46  i2c.o(i.MX_I2C1_Init)
    MX_TIM6_Init                             0x08002c21   Thumb Code    36  ultra.o(i.MX_TIM6_Init)
    MX_USART2_UART_Init                      0x08002c4d   Thumb Code    44  usart2.o(i.MX_USART2_UART_Init)
    NMI_Handler                              0x08002c81   Thumb Code     2  stm32l0xx_it.o(i.NMI_Handler)
    Osal_MemCpy                              0x08002cc9   Thumb Code     8  osal.o(i.Osal_MemCpy)
    Osal_MemSet                              0x08002cd1   Thumb Code     8  osal.o(i.Osal_MemSet)
    PendSV_Handler                           0x08002cd9   Thumb Code     2  stm32l0xx_it.o(i.PendSV_Handler)
    Press_Update                             0x08002cdd   Thumb Code    34  sensor_service.o(i.Press_Update)
    Read_ACCEL_Request_CB                    0x08002d05   Thumb Code   116  sensor_service.o(i.Read_ACCEL_Request_CB)
    SVC_Handler                              0x08002e59   Thumb Code     2  stm32l0xx_it.o(i.SVC_Handler)
    Set_Echo1_Falling_Interrupt              0x08002e5d   Thumb Code    48  ultra.o(i.Set_Echo1_Falling_Interrupt)
    Set_Echo1_Rising_Interrupt               0x08002e91   Thumb Code    48  ultra.o(i.Set_Echo1_Rising_Interrupt)
    Set_Echo2_Falling_Interrupt              0x08002ec5   Thumb Code    48  ultra.o(i.Set_Echo2_Falling_Interrupt)
    Set_Echo2_Rising_Interrupt               0x08002ef9   Thumb Code    48  ultra.o(i.Set_Echo2_Rising_Interrupt)
    Set_Echo3_Falling_Interrupt              0x08002f2d   Thumb Code    48  ultra.o(i.Set_Echo3_Falling_Interrupt)
    Set_Echo3_Rising_Interrupt               0x08002f61   Thumb Code    48  ultra.o(i.Set_Echo3_Rising_Interrupt)
    Set_Echo_Disable_Interrupt               0x08002f95   Thumb Code    10  ultra.o(i.Set_Echo_Disable_Interrupt)
    Single_ReadI2C                           0x08002fa1   Thumb Code    64  mpu6050.o(i.Single_ReadI2C)
    Single_WriteI2C                          0x08002fe9   Thumb Code    38  mpu6050.o(i.Single_WriteI2C)
    SysTick_Handler                          0x08003019   Thumb Code    12  stm32l0xx_it.o(i.SysTick_Handler)
    SystemClock_Config                       0x08003025   Thumb Code   128  main.o(i.SystemClock_Config)
    SystemInit                               0x080030ad   Thumb Code    66  system_stm32l0xx.o(i.SystemInit)
    TIM6_DAC_IRQHandler                      0x08003101   Thumb Code    10  stm32l0xx_it.o(i.TIM6_DAC_IRQHandler)
    Temp_Update                              0x08003159   Thumb Code    34  sensor_service.o(i.Temp_Update)
    Timer_Expired                            0x08003181   Thumb Code    28  gp_timer.o(i.Timer_Expired)
    Timer_Set                                0x0800319d   Thumb Code    14  gp_timer.o(i.Timer_Set)
    Trig1_Enable                             0x080031ad   Thumb Code    30  ultra.o(i.Trig1_Enable)
    Trig2_Enable                             0x080031d1   Thumb Code    30  ultra.o(i.Trig2_Enable)
    Trig3_Enable                             0x080031f5   Thumb Code    30  ultra.o(i.Trig3_Enable)
    Trig_Delay                               0x08003219   Thumb Code    12  ultra.o(i.Trig_Delay)
    UART_AdvFeatureConfig                    0x08003225   Thumb Code   202  stm32l0xx_hal_uart.o(i.UART_AdvFeatureConfig)
    UART_CheckIdleState                      0x080032f1   Thumb Code    82  stm32l0xx_hal_uart.o(i.UART_CheckIdleState)
    UART_SetConfig                           0x080033e1   Thumb Code   490  stm32l0xx_hal_uart.o(i.UART_SetConfig)
    UART_WaitOnFlagUntilTimeout              0x08003699   Thumb Code   198  stm32l0xx_hal_uart.o(i.UART_WaitOnFlagUntilTimeout)
    USART2_IRQHandler                        0x08003761   Thumb Code   110  usart2.o(i.USART2_IRQHandler)
    Ultra_GPIO_Init                          0x080037dd   Thumb Code   102  ultra.o(i.Ultra_GPIO_Init)
    User_Process                             0x0800384d   Thumb Code    68  main.o(i.User_Process)
    __ARM_clz                                0x08003899   Thumb Code    46  depilogue.o(i.__ARM_clz)
    __ARM_common_switch8                     0x080038c7   Thumb Code    26  stm32l0xx_hal_uart.o(i.__ARM_common_switch8)
    __scatterload_copy                       0x080038e1   Thumb Code    14  handlers.o(i.__scatterload_copy)
    __scatterload_null                       0x080038ef   Thumb Code     2  handlers.o(i.__scatterload_null)
    __scatterload_zeroinit                   0x080038f1   Thumb Code    14  handlers.o(i.__scatterload_zeroinit)
    aci_gap_init                             0x080038ff   Thumb Code   122  bluenrg_hci.o(i.aci_gap_init)
    aci_gap_set_auth_requirement             0x08003979   Thumb Code   114  bluenrg_hci.o(i.aci_gap_set_auth_requirement)
    aci_gap_set_discoverable                 0x080039eb   Thumb Code   166  bluenrg_hci.o(i.aci_gap_set_discoverable)
    aci_gatt_add_char                        0x08003a91   Thumb Code   180  bluenrg_hci.o(i.aci_gatt_add_char)
    aci_gatt_add_char_desc                   0x08003b45   Thumb Code   212  bluenrg_hci.o(i.aci_gatt_add_char_desc)
    aci_gatt_add_serv                        0x08003c19   Thumb Code   134  bluenrg_hci.o(i.aci_gatt_add_serv)
    aci_gatt_allow_read                      0x08003c9f   Thumb Code    70  bluenrg_hci.o(i.aci_gatt_allow_read)
    aci_gatt_init                            0x08003ce5   Thumb Code    60  bluenrg_hci.o(i.aci_gatt_init)
    aci_gatt_update_char_value               0x08003d21   Thumb Code   112  bluenrg_hci.o(i.aci_gatt_update_char_value)
    aci_hal_set_tx_power_level               0x08003d91   Thumb Code    72  bluenrg_hci.o(i.aci_hal_set_tx_power_level)
    aci_hal_write_config_data                0x08003dd9   Thumb Code    86  bluenrg_hci.o(i.aci_hal_write_config_data)
    hci_le_set_scan_resp_data                0x08003e65   Thumb Code   110  hci.o(i.hci_le_set_scan_resp_data)
    hci_send_cmd                             0x08003ed3   Thumb Code    50  hci.o(i.hci_send_cmd)
    hci_send_req                             0x08003f05   Thumb Code   302  hci.o(i.hci_send_req)
    hci_write                                0x0800404d   Thumb Code     8  hci.o(i.hci_write)
    list_init_head                           0x08004055   Thumb Code     6  list.o(i.list_init_head)
    list_insert_head                         0x0800405b   Thumb Code    14  list.o(i.list_insert_head)
    list_insert_tail                         0x08004069   Thumb Code    14  list.o(i.list_insert_tail)
    list_is_empty                            0x08004077   Thumb Code    14  list.o(i.list_is_empty)
    list_remove_head                         0x08004085   Thumb Code    26  list.o(i.list_remove_head)
    list_remove_node                         0x0800409f   Thumb Code    12  list.o(i.list_remove_node)
    main                                     0x080040ad   Thumb Code   292  main.o(i.main)
    new_hci_event                            0x080041f9   Thumb Code    14  hci.o(i.new_hci_event)
    setConnectable                           0x0800420d   Thumb Code    54  sensor_service.o(i.setConnectable)
    GPIO_PIN                                 0x0800424c   Data           2  stm32l0xx_nucleo.o(.constdata)
    BUTTON_PIN                               0x0800424e   Data           2  stm32l0xx_nucleo.o(.constdata)
    BUTTON_IRQn                              0x08004250   Data           2  stm32l0xx_nucleo.o(.constdata)
    MSIRangeTable                            0x08004254   Data          28  stm32l0xx_hal_rcc.o(.constdata)
    CLOCK_SECOND                             0x08004270   Data           4  clock.o(.constdata)
    Region$$Table$$Base                      0x08004274   Number         0  anon$$obj.o(Region$$Table)
    Region$$Table$$Limit                     0x08004294   Number         0  anon$$obj.o(Region$$Table)
    GPIO_PORT                                0x20000000   Data           4  stm32l0xx_nucleo.o(.data)
    BUTTON_PORT                              0x20000004   Data           4  stm32l0xx_nucleo.o(.data)
    SpixTimeout                              0x20000008   Data           4  stm32l0xx_nucleo.o(.data)
    SystemCoreClock                          0x20000010   Data           4  system_stm32l0xx.o(.data)
    AHBPrescTable                            0x20000014   Data          16  system_stm32l0xx.o(.data)
    PLLMulTable                              0x20000024   Data           9  system_stm32l0xx.o(.data)
    button_event                             0x2000004d   Data           1  stm32l0xx_it.o(.data)
    set_connectable                          0x20000050   Data           1  sensor_service.o(.data)
    notification_enabled                     0x20000051   Data           1  sensor_service.o(.data)
    connection_handle                        0x20000052   Data           2  sensor_service.o(.data)
    accServHandle                            0x20000054   Data           2  sensor_service.o(.data)
    freeFallCharHandle                       0x20000056   Data           2  sensor_service.o(.data)
    accCharHandle                            0x20000058   Data           2  sensor_service.o(.data)
    envSensServHandle                        0x2000005a   Data           2  sensor_service.o(.data)
    tempCharHandle                           0x2000005c   Data           2  sensor_service.o(.data)
    pressCharHandle                          0x2000005e   Data           2  sensor_service.o(.data)
    humidityCharHandle                       0x20000060   Data           2  sensor_service.o(.data)
    connected                                0x20000064   Data           4  sensor_service.o(.data)
    axes_data                                0x20000068   Data           6  sensor_service.o(.data)
    hciReadPktPool                           0x2000007c   Data           8  hci.o(.data)
    hciReadPktRxQueue                        0x20000084   Data           8  hci.o(.data)
    GyroX_Flag                               0x2000008c   Data           1  mpu6050.o(.data)
    GyroY_Flag                               0x2000008d   Data           1  mpu6050.o(.data)
    GyroZ_Flag                               0x2000008e   Data           1  mpu6050.o(.data)
    Gesture_State                            0x2000008f   Data           1  mpu6050.o(.data)
    AccelX_Vlue                              0x20000090   Data           2  mpu6050.o(.data)
    AccelY_Vlue                              0x20000092   Data           2  mpu6050.o(.data)
    AccelZ_Vlue                              0x20000094   Data           2  mpu6050.o(.data)
    GyroX_Vlue                               0x20000096   Data           2  mpu6050.o(.data)
    GyroY_Vlue                               0x20000098   Data           2  mpu6050.o(.data)
    GyroZ_Vlue                               0x2000009a   Data           2  mpu6050.o(.data)
    USART_RX_STA                             0x2000009c   Data           2  usart2.o(.data)
    meter_state1                             0x2000009e   Data           1  ultra.o(.data)
    meter_state2                             0x2000009f   Data           1  ultra.o(.data)
    meter_state3                             0x200000a0   Data           1  ultra.o(.data)
    Ultra_Dis1                               0x200000a2   Data           2  ultra.o(.data)
    Ultra_Dis2                               0x200000a4   Data           2  ultra.o(.data)
    Ultra_Dis3                               0x200000a6   Data           2  ultra.o(.data)
    Ultra_Flag                               0x200000a8   Data           1  ultra.o(.data)
    SpiHandle                                0x200000ac   Data          84  stm32_bluenrg_ble.o(.bss)
    hi2c1                                    0x20000628   Data          56  i2c.o(.bss)
    USART_RX_BUF                             0x20000660   Data         200  usart2.o(.bss)
    huart2                                   0x20000728   Data         108  usart2.o(.bss)
    htim6                                    0x20000794   Data          56  ultra.o(.bss)
    __initial_sp                             0x20000bd0   Data           0  startup_stm32l053xx.o(STACK)



==============================================================================

Memory Map of the image

  Image Entry point : 0x080000c1

  Load Region LR_IROM1 (Base: 0x08000000, Size: 0x00004340, Max: 0x00010000, ABSOLUTE)

    Execution Region ER_IROM1 (Base: 0x08000000, Size: 0x00004294, Max: 0x00010000, ABSOLUTE)

    Base Addr    Size         Type   Attr      Idx    E Section Name        Object

    0x08000000   0x000000c0   Data   RO         3089    RESET               startup_stm32l053xx.o
    0x080000c0   0x00000000   Code   RO         4558  * .ARM.Collect$$$$00000000  mc_p.l(entry.o)
    0x080000c0   0x00000004   Code   RO         4591    .ARM.Collect$$$$00000001  mc_p.l(entry2.o)
    0x080000c4   0x00000004   Code   RO         4594    .ARM.Collect$$$$00000004  mc_p.l(entry5.o)
    0x080000c8   0x00000000   Code   RO         4596    .ARM.Collect$$$$00000008  mc_p.l(entry7b.o)
    0x080000c8   0x00000000   Code   RO         4598    .ARM.Collect$$$$0000000A  mc_p.l(entry8b.o)
    0x080000c8   0x00000008   Code   RO         4599    .ARM.Collect$$$$0000000B  mc_p.l(entry9a.o)
    0x080000d0   0x00000000   Code   RO         4601    .ARM.Collect$$$$0000000D  mc_p.l(entry10a.o)
    0x080000d0   0x00000000   Code   RO         4603    .ARM.Collect$$$$0000000F  mc_p.l(entry11a.o)
    0x080000d0   0x00000004   Code   RO         4592    .ARM.Collect$$$$00002712  mc_p.l(entry2.o)
    0x080000d4   0x00000020   Code   RO         3090    .text               startup_stm32l053xx.o
    0x080000f4   0x0000002c   Code   RO         4561    .text               mc_p.l(uidiv.o)
    0x08000120   0x00000028   Code   RO         4563    .text               mc_p.l(memcpy.o)
    0x08000148   0x00000012   Code   RO         4565    .text               mc_p.l(memset.o)
    0x0800015a   0x0000000e   Code   RO         4569    .text               mc_p.l(strlen.o)
    0x08000168   0x00000012   Code   RO         4575    .text               mc_p.l(uwrite4.o)
    0x0800017a   0x0000007a   Code   RO         4577    .text               mf_p.l(fmul.o)
    0x080001f4   0x00000018   Code   RO         4579    .text               mf_p.l(fscalb.o)
    0x0800020c   0x000000d0   Code   RO         4581    .text               mf_p.l(dmul.o)
    0x080002dc   0x0000000e   Code   RO         4583    .text               mf_p.l(ffltui.o)
    0x080002ea   0x00000028   Code   RO         4585    .text               mf_p.l(ffixui.o)
    0x08000312   0x00000028   Code   RO         4587    .text               mf_p.l(f2d.o)
    0x0800033a   0x00000038   Code   RO         4589    .text               mf_p.l(d2f.o)
    0x08000372   0x00000000   Code   RO         4605    .text               mc_p.l(iusefp.o)
    0x08000372   0x00000082   Code   RO         4606    .text               mf_p.l(fepilogue.o)
    0x080003f4   0x000000be   Code   RO         4608    .text               mf_p.l(depilogue.o)
    0x080004b2   0x00000002   PAD
    0x080004b4   0x00000024   Code   RO         4612    .text               mc_p.l(init.o)
    0x080004d8   0x00000020   Code   RO         4614    .text               mc_p.l(llshl.o)
    0x080004f8   0x00000022   Code   RO         4616    .text               mc_p.l(llushr.o)
    0x0800051a   0x00000002   PAD
    0x0800051c   0x00000044   Code   RO         3394    i.Acc_Update        sensor_service.o
    0x08000560   0x000000a8   Code   RO         4217    i.AccelData_Process  mpu6050.o
    0x08000608   0x00000134   Code   RO         3395    i.Add_Acc_Service   sensor_service.o
    0x0800073c   0x0000027c   Code   RO         3396    i.Add_Environmental_Sensor_Service  sensor_service.o
    0x080009b8   0x0000003c   Code   RO         3487    i.BNRG_SPI_Init     stm32_bluenrg_ble.o
    0x080009f4   0x00000040   Code   RO            8    i.BSP_LED_Init      stm32l0xx_nucleo.o
    0x08000a34   0x0000001c   Code   RO           11    i.BSP_LED_Toggle    stm32l0xx_nucleo.o
    0x08000a50   0x0000001c   Code   RO           12    i.BSP_PB_GetState   stm32l0xx_nucleo.o
    0x08000a6c   0x000000c8   Code   RO           13    i.BSP_PB_Init       stm32l0xx_nucleo.o
    0x08000b34   0x0000002c   Code   RO         3488    i.BlueNRG_RST       stm32_bluenrg_ble.o
    0x08000b60   0x000000a0   Code   RO         3489    i.BlueNRG_SPI_Read_All  stm32_bluenrg_ble.o
    0x08000c00   0x000000a0   Code   RO         3490    i.BlueNRG_SPI_Write  stm32_bluenrg_ble.o
    0x08000ca0   0x0000000c   Code   RO         3491    i.Clear_SPI_EXTI_Flag  stm32_bluenrg_ble.o
    0x08000cac   0x00000008   Code   RO         3339    i.Clock_Time        clock.o
    0x08000cb4   0x00000002   Code   RO         3227    i.DebugMon_Handler  stm32l0xx_it.o
    0x08000cb6   0x0000000a   Code   RO         3493    i.Disable_SPI_IRQ   stm32_bluenrg_ble.o
    0x08000cc0   0x0000000a   Code   RO         3228    i.EXTI0_1_IRQHandler  stm32l0xx_it.o
    0x08000cca   0x00000002   PAD
    0x08000ccc   0x00000030   Code   RO         3229    i.EXTI4_15_IRQHandler  stm32l0xx_it.o
    0x08000cfc   0x0000000a   Code   RO         3494    i.Enable_SPI_IRQ    stm32_bluenrg_ble.o
    0x08000d06   0x00000002   PAD
    0x08000d08   0x00000018   Code   RO         3398    i.GAP_ConnectionComplete_CB  sensor_service.o
    0x08000d20   0x00000014   Code   RO         3399    i.GAP_DisconnectionComplete_CB  sensor_service.o
    0x08000d34   0x000000f4   Code   RO         4218    i.GYROData_Process  mpu6050.o
    0x08000e28   0x00000048   Code   RO         4219    i.Gesture_Judge     mpu6050.o
    0x08000e70   0x00000042   Code   RO         4220    i.GetAccelValue     mpu6050.o
    0x08000eb2   0x00000042   Code   RO         4221    i.GetGyroValue      mpu6050.o
    0x08000ef4   0x0000001c   Code   RO         4222    i.GetMPUOutValue    mpu6050.o
    0x08000f10   0x00000016   Code   RO          338    i.HAL_Delay         stm32l0xx_hal.o
    0x08000f26   0x00000002   PAD
    0x08000f28   0x0000013c   Code   RO         3308    i.HAL_GPIO_EXTI_Callback  bluenrg_interface.o
    0x08001064   0x00000018   Code   RO         1173    i.HAL_GPIO_EXTI_IRQHandler  stm32l0xx_hal_gpio.o
    0x0800107c   0x00000154   Code   RO         1174    i.HAL_GPIO_Init     stm32l0xx_hal_gpio.o
    0x080011d0   0x0000000e   Code   RO         1176    i.HAL_GPIO_ReadPin  stm32l0xx_hal_gpio.o
    0x080011de   0x00000008   Code   RO         1177    i.HAL_GPIO_TogglePin  stm32l0xx_hal_gpio.o
    0x080011e6   0x0000000c   Code   RO         1178    i.HAL_GPIO_WritePin  stm32l0xx_hal_gpio.o
    0x080011f2   0x00000002   PAD
    0x080011f4   0x0000000c   Code   RO          349    i.HAL_GetTick       stm32l0xx_hal.o
    0x08001200   0x00000064   Code   RO         2081    i.HAL_I2CEx_AnalogFilter_Config  stm32l0xx_hal_i2c_ex.o
    0x08001264   0x00000006   Code   RO         1772    i.HAL_I2C_GetError  stm32l0xx_hal_i2c.o
    0x0800126a   0x00000002   PAD
    0x0800126c   0x000000ac   Code   RO         1774    i.HAL_I2C_Init      stm32l0xx_hal_i2c.o
    0x08001318   0x00000128   Code   RO         1778    i.HAL_I2C_Master_Receive  stm32l0xx_hal_i2c.o
    0x08001440   0x0000012c   Code   RO         1781    i.HAL_I2C_Master_Transmit  stm32l0xx_hal_i2c.o
    0x0800156c   0x00000044   Code   RO         4320    i.HAL_I2C_MspInit   i2c.o
    0x080015b0   0x00000010   Code   RO          351    i.HAL_IncTick       stm32l0xx_hal.o
    0x080015c0   0x00000028   Code   RO          352    i.HAL_Init          stm32l0xx_hal.o
    0x080015e8   0x00000022   Code   RO          353    i.HAL_InitTick      stm32l0xx_hal.o
    0x0800160a   0x00000002   PAD
    0x0800160c   0x0000001c   Code   RO         4354    i.HAL_MspInit       stm32l0xx_hal_msp.o
    0x08001628   0x00000014   Code   RO          731    i.HAL_NVIC_ClearPendingIRQ  stm32l0xx_hal_cortex.o
    0x0800163c   0x00000014   Code   RO          732    i.HAL_NVIC_DisableIRQ  stm32l0xx_hal_cortex.o
    0x08001650   0x00000014   Code   RO          733    i.HAL_NVIC_EnableIRQ  stm32l0xx_hal_cortex.o
    0x08001664   0x00000008   Code   RO          736    i.HAL_NVIC_SetPriority  stm32l0xx_hal_cortex.o
    0x0800166c   0x00000144   Code   RO         1478    i.HAL_RCCEx_PeriphCLKConfig  stm32l0xx_hal_rcc_ex.o
    0x080017b0   0x00000244   Code   RO         1376    i.HAL_RCC_ClockConfig  stm32l0xx_hal_rcc.o
    0x080019f4   0x00000028   Code   RO         1380    i.HAL_RCC_GetHCLKFreq  stm32l0xx_hal_rcc.o
    0x08001a1c   0x00000020   Code   RO         1382    i.HAL_RCC_GetPCLK1Freq  stm32l0xx_hal_rcc.o
    0x08001a3c   0x00000020   Code   RO         1383    i.HAL_RCC_GetPCLK2Freq  stm32l0xx_hal_rcc.o
    0x08001a5c   0x00000088   Code   RO         1384    i.HAL_RCC_GetSysClockFreq  stm32l0xx_hal_rcc.o
    0x08001ae4   0x0000043a   Code   RO         1387    i.HAL_RCC_OscConfig  stm32l0xx_hal_rcc.o
    0x08001f1e   0x00000084   Code   RO         1541    i.HAL_SPI_Init      stm32l0xx_hal_spi.o
    0x08001fa2   0x00000002   PAD
    0x08001fa4   0x00000100   Code   RO          275    i.HAL_SPI_MspInit   stm32l0xx_nucleo_bluenrg.o
    0x080020a4   0x000002f4   Code   RO         1550    i.HAL_SPI_TransmitReceive  stm32l0xx_hal_spi.o
    0x08002398   0x0000001c   Code   RO          738    i.HAL_SYSTICK_CLKSourceConfig  stm32l0xx_hal_cortex.o
    0x080023b4   0x00000002   Code   RO          739    i.HAL_SYSTICK_Callback  stm32l0xx_hal_cortex.o
    0x080023b6   0x00000002   PAD
    0x080023b8   0x00000030   Code   RO          740    i.HAL_SYSTICK_Config  stm32l0xx_hal_cortex.o
    0x080023e8   0x00000008   Code   RO          741    i.HAL_SYSTICK_IRQHandler  stm32l0xx_hal_cortex.o
    0x080023f0   0x00000048   Code   RO         2441    i.HAL_TIMEx_MasterConfigSynchronization  stm32l0xx_hal_tim_ex.o
    0x08002438   0x00000032   Code   RO         2469    i.HAL_TIM_Base_Init  stm32l0xx_hal_tim.o
    0x0800246a   0x00000002   PAD
    0x0800246c   0x00000030   Code   RO         4356    i.HAL_TIM_Base_MspInit  stm32l0xx_hal_msp.o
    0x0800249c   0x00000016   Code   RO         2474    i.HAL_TIM_Base_Start_IT  stm32l0xx_hal_tim.o
    0x080024b2   0x00000002   PAD
    0x080024b4   0x00000024   Code   RO         2477    i.HAL_TIM_Base_Stop_IT  stm32l0xx_hal_tim.o
    0x080024d8   0x00000002   Code   RO         2501    i.HAL_TIM_IC_CaptureCallback  stm32l0xx_hal_tim.o
    0x080024da   0x0000012e   Code   RO         2514    i.HAL_TIM_IRQHandler  stm32l0xx_hal_tim.o
    0x08002608   0x00000002   Code   RO         2517    i.HAL_TIM_OC_DelayElapsedCallback  stm32l0xx_hal_tim.o
    0x0800260a   0x00000002   Code   RO         2544    i.HAL_TIM_PWM_PulseFinishedCallback  stm32l0xx_hal_tim.o
    0x0800260c   0x00000028   Code   RO         4448    i.HAL_TIM_PeriodElapsedCallback  ultra.o
    0x08002634   0x00000002   Code   RO         2554    i.HAL_TIM_TriggerCallback  stm32l0xx_hal_tim.o
    0x08002636   0x00000002   Code   RO         2381    i.HAL_UARTEx_WakeupCallback  stm32l0xx_hal_uart_ex.o
    0x08002638   0x00000002   Code   RO         2132    i.HAL_UART_ErrorCallback  stm32l0xx_hal_uart.o
    0x0800263a   0x000000d2   Code   RO         2135    i.HAL_UART_IRQHandler  stm32l0xx_hal_uart.o
    0x0800270c   0x00000068   Code   RO         2136    i.HAL_UART_Init     stm32l0xx_hal_uart.o
    0x08002774   0x00000044   Code   RO         4358    i.HAL_UART_MspInit  stm32l0xx_hal_msp.o
    0x080027b8   0x00000002   Code   RO         2142    i.HAL_UART_RxCpltCallback  stm32l0xx_hal_uart.o
    0x080027ba   0x00000002   Code   RO         2147    i.HAL_UART_TxCpltCallback  stm32l0xx_hal_uart.o
    0x080027bc   0x0000005c   Code   RO         3400    i.HCI_Event_CB      sensor_service.o
    0x08002818   0x00000034   Code   RO         3567    i.HCI_Init          hci.o
    0x0800284c   0x000000bc   Code   RO         3568    i.HCI_Input         hci.o
    0x08002908   0x00000048   Code   RO         3569    i.HCI_Process       hci.o
    0x08002950   0x00000044   Code   RO         3309    i.Hal_Write_Serial  bluenrg_interface.o
    0x08002994   0x00000002   Code   RO         3230    i.HardFault_Handler  stm32l0xx_it.o
    0x08002996   0x00000002   PAD
    0x08002998   0x00000028   Code   RO         3401    i.Humidity_Update   sensor_service.o
    0x080029c0   0x00000094   Code   RO         1809    i.I2C_IsAcknowledgeFailed  stm32l0xx_hal_i2c.o
    0x08002a54   0x00000024   Code   RO         1816    i.I2C_TransferConfig  stm32l0xx_hal_i2c.o
    0x08002a78   0x00000078   Code   RO         1817    i.I2C_WaitOnFlagUntilTimeout  stm32l0xx_hal_i2c.o
    0x08002af0   0x00000050   Code   RO         1819    i.I2C_WaitOnSTOPFlagUntilTimeout  stm32l0xx_hal_i2c.o
    0x08002b40   0x00000054   Code   RO         1820    i.I2C_WaitOnTXISFlagUntilTimeout  stm32l0xx_hal_i2c.o
    0x08002b94   0x0000002c   Code   RO         4223    i.InitMPU6050       mpu6050.o
    0x08002bc0   0x00000028   Code   RO         4299    i.MX_GPIO_Init      gpio.o
    0x08002be8   0x00000038   Code   RO         4321    i.MX_I2C1_Init      i2c.o
    0x08002c20   0x0000002c   Code   RO         4449    i.MX_TIM6_Init      ultra.o
    0x08002c4c   0x00000034   Code   RO         4398    i.MX_USART2_UART_Init  usart2.o
    0x08002c80   0x00000002   Code   RO         3231    i.NMI_Handler       stm32l0xx_it.o
    0x08002c82   0x00000002   PAD
    0x08002c84   0x00000044   Code   RO          742    i.NVIC_SetPriority  stm32l0xx_hal_cortex.o
    0x08002cc8   0x00000008   Code   RO         3374    i.Osal_MemCpy       osal.o
    0x08002cd0   0x00000008   Code   RO         3375    i.Osal_MemSet       osal.o
    0x08002cd8   0x00000002   Code   RO         3232    i.PendSV_Handler    stm32l0xx_it.o
    0x08002cda   0x00000002   PAD
    0x08002cdc   0x00000028   Code   RO         3402    i.Press_Update      sensor_service.o
    0x08002d04   0x00000088   Code   RO         3403    i.Read_ACCEL_Request_CB  sensor_service.o
    0x08002d8c   0x000000cc   Code   RO         1571    i.SPI_WaitOnFlagUntilTimeout  stm32l0xx_hal_spi.o
    0x08002e58   0x00000002   Code   RO         3234    i.SVC_Handler       stm32l0xx_it.o
    0x08002e5a   0x00000002   PAD
    0x08002e5c   0x00000034   Code   RO         4450    i.Set_Echo1_Falling_Interrupt  ultra.o
    0x08002e90   0x00000034   Code   RO         4451    i.Set_Echo1_Rising_Interrupt  ultra.o
    0x08002ec4   0x00000034   Code   RO         4452    i.Set_Echo2_Falling_Interrupt  ultra.o
    0x08002ef8   0x00000034   Code   RO         4453    i.Set_Echo2_Rising_Interrupt  ultra.o
    0x08002f2c   0x00000034   Code   RO         4454    i.Set_Echo3_Falling_Interrupt  ultra.o
    0x08002f60   0x00000034   Code   RO         4455    i.Set_Echo3_Rising_Interrupt  ultra.o
    0x08002f94   0x0000000a   Code   RO         4456    i.Set_Echo_Disable_Interrupt  ultra.o
    0x08002f9e   0x00000002   PAD
    0x08002fa0   0x00000048   Code   RO         4224    i.Single_ReadI2C    mpu6050.o
    0x08002fe8   0x00000030   Code   RO         4225    i.Single_WriteI2C   mpu6050.o
    0x08003018   0x0000000c   Code   RO         3235    i.SysTick_Handler   stm32l0xx_it.o
    0x08003024   0x00000088   Code   RO         3096    i.SystemClock_Config  main.o
    0x080030ac   0x00000054   Code   RO          302    i.SystemInit        system_stm32l0xx.o
    0x08003100   0x00000010   Code   RO         3236    i.TIM6_DAC_IRQHandler  stm32l0xx_it.o
    0x08003110   0x00000048   Code   RO         2555    i.TIM_Base_SetConfig  stm32l0xx_hal_tim.o
    0x08003158   0x00000028   Code   RO         3404    i.Temp_Update       sensor_service.o
    0x08003180   0x0000001c   Code   RO         4101    i.Timer_Expired     gp_timer.o
    0x0800319c   0x0000000e   Code   RO         4105    i.Timer_Set         gp_timer.o
    0x080031aa   0x00000002   PAD
    0x080031ac   0x00000024   Code   RO         4457    i.Trig1_Enable      ultra.o
    0x080031d0   0x00000024   Code   RO         4458    i.Trig2_Enable      ultra.o
    0x080031f4   0x00000024   Code   RO         4459    i.Trig3_Enable      ultra.o
    0x08003218   0x0000000c   Code   RO         4460    i.Trig_Delay        ultra.o
    0x08003224   0x000000ca   Code   RO         2149    i.UART_AdvFeatureConfig  stm32l0xx_hal_uart.o
    0x080032ee   0x00000002   PAD
    0x080032f0   0x00000058   Code   RO         2150    i.UART_CheckIdleState  stm32l0xx_hal_uart.o
    0x08003348   0x00000098   Code   RO         2156    i.UART_Receive_IT   stm32l0xx_hal_uart.o
    0x080033e0   0x0000020c   Code   RO         2157    i.UART_SetConfig    stm32l0xx_hal_uart.o
    0x080035ec   0x000000ac   Code   RO         2158    i.UART_Transmit_IT  stm32l0xx_hal_uart.o
    0x08003698   0x000000c6   Code   RO         2159    i.UART_WaitOnFlagUntilTimeout  stm32l0xx_hal_uart.o
    0x0800375e   0x00000002   PAD
    0x08003760   0x0000007c   Code   RO         4399    i.USART2_IRQHandler  usart2.o
    0x080037dc   0x00000070   Code   RO         4461    i.Ultra_GPIO_Init   ultra.o
    0x0800384c   0x0000004c   Code   RO         3097    i.User_Process      main.o
    0x08003898   0x0000002e   Code   RO         4610    i.__ARM_clz         mf_p.l(depilogue.o)
    0x080038c6   0x0000001a   Code   RO         2367    i.__ARM_common_switch8  stm32l0xx_hal_uart.o
    0x080038e0   0x0000000e   Code   RO         4620    i.__scatterload_copy  mc_p.l(handlers.o)
    0x080038ee   0x00000002   Code   RO         4621    i.__scatterload_null  mc_p.l(handlers.o)
    0x080038f0   0x0000000e   Code   RO         4622    i.__scatterload_zeroinit  mc_p.l(handlers.o)
    0x080038fe   0x0000007a   Code   RO         3824    i.aci_gap_init      bluenrg_hci.o
    0x08003978   0x00000072   Code   RO         3825    i.aci_gap_set_auth_requirement  bluenrg_hci.o
    0x080039ea   0x000000a6   Code   RO         3826    i.aci_gap_set_discoverable  bluenrg_hci.o
    0x08003a90   0x000000b4   Code   RO         3834    i.aci_gatt_add_char  bluenrg_hci.o
    0x08003b44   0x000000d4   Code   RO         3835    i.aci_gatt_add_char_desc  bluenrg_hci.o
    0x08003c18   0x00000086   Code   RO         3836    i.aci_gatt_add_serv  bluenrg_hci.o
    0x08003c9e   0x00000046   Code   RO         3837    i.aci_gatt_allow_read  bluenrg_hci.o
    0x08003ce4   0x0000003c   Code   RO         3842    i.aci_gatt_init     bluenrg_hci.o
    0x08003d20   0x00000070   Code   RO         3846    i.aci_gatt_update_char_value  bluenrg_hci.o
    0x08003d90   0x00000048   Code   RO         3853    i.aci_hal_set_tx_power_level  bluenrg_hci.o
    0x08003dd8   0x00000056   Code   RO         3855    i.aci_hal_write_config_data  bluenrg_hci.o
    0x08003e2e   0x00000002   PAD
    0x08003e30   0x00000034   Code   RO         3570    i.enqueue_packet    hci.o
    0x08003e64   0x0000006e   Code   RO         3592    i.hci_le_set_scan_resp_data  hci.o
    0x08003ed2   0x00000032   Code   RO         3599    i.hci_send_cmd      hci.o
    0x08003f04   0x0000013c   Code   RO         3600    i.hci_send_req      hci.o
    0x08004040   0x0000000c   Code   RO         3601    i.hci_set_packet_complete_callback  hci.o
    0x0800404c   0x00000008   Code   RO         3602    i.hci_write         hci.o
    0x08004054   0x00000006   Code   RO         4140    i.list_init_head    list.o
    0x0800405a   0x0000000e   Code   RO         4141    i.list_insert_head  list.o
    0x08004068   0x0000000e   Code   RO         4144    i.list_insert_tail  list.o
    0x08004076   0x0000000e   Code   RO         4145    i.list_is_empty     list.o
    0x08004084   0x0000001a   Code   RO         4146    i.list_remove_head  list.o
    0x0800409e   0x0000000c   Code   RO         4147    i.list_remove_node  list.o
    0x080040aa   0x00000002   PAD
    0x080040ac   0x0000014c   Code   RO         3098    i.main              main.o
    0x080041f8   0x00000014   Code   RO         3603    i.new_hci_event     hci.o
    0x0800420c   0x00000040   Code   RO         3405    i.setConnectable    sensor_service.o
    0x0800424c   0x00000006   Data   RO           30    .constdata          stm32l0xx_nucleo.o
    0x08004252   0x00000002   PAD
    0x08004254   0x0000001c   Data   RO         1388    .constdata          stm32l0xx_hal_rcc.o
    0x08004270   0x00000004   Data   RO         3341    .constdata          clock.o
    0x08004274   0x00000020   Data   RO         4618    Region$$Table       anon$$obj.o


    Execution Region RW_IRAM1 (Base: 0x20000000, Size: 0x00000bd0, Max: 0x00002000, ABSOLUTE)

    Base Addr    Size         Type   Attr      Idx    E Section Name        Object

    0x20000000   0x00000010   Data   RW           31    .data               stm32l0xx_nucleo.o
    0x20000010   0x0000001d   Data   RW          303    .data               system_stm32l0xx.o
    0x2000002d   0x00000003   PAD
    0x20000030   0x00000004   Data   RW          362    .data               stm32l0xx_hal.o
    0x20000034   0x00000019   Data   RW         1389    .data               stm32l0xx_hal_rcc.o
    0x2000004d   0x00000001   Data   RW         3237    .data               stm32l0xx_it.o
    0x2000004e   0x00000002   PAD
    0x20000050   0x0000001e   Data   RW         3406    .data               sensor_service.o
    0x2000006e   0x00000002   PAD
    0x20000070   0x0000001c   Data   RW         3605    .data               hci.o
    0x2000008c   0x00000010   Data   RW         4232    .data               mpu6050.o
    0x2000009c   0x00000002   Data   RW         4403    .data               usart2.o
    0x2000009e   0x00000001   Data   RW         4463    .data               ultra.o
    0x2000009f   0x00000001   Data   RW         4464    .data               ultra.o
    0x200000a0   0x00000001   Data   RW         4465    .data               ultra.o
    0x200000a1   0x00000001   PAD
    0x200000a2   0x00000002   Data   RW         4466    .data               ultra.o
    0x200000a4   0x00000002   Data   RW         4467    .data               ultra.o
    0x200000a6   0x00000002   Data   RW         4468    .data               ultra.o
    0x200000a8   0x00000001   Data   RW         4469    .data               ultra.o
    0x200000a9   0x00000003   PAD
    0x200000ac   0x00000054   Zero   RW         3498    .bss                stm32_bluenrg_ble.o
    0x20000100   0x00000528   Zero   RW         3604    .bss                hci.o
    0x20000628   0x00000038   Zero   RW         4322    .bss                i2c.o
    0x20000660   0x00000134   Zero   RW         4402    .bss                usart2.o
    0x20000794   0x00000038   Zero   RW         4462    .bss                ultra.o
    0x200007cc   0x00000004   PAD
    0x200007d0   0x00000400   Zero   RW         3087    STACK               startup_stm32l053xx.o


==============================================================================

Image component sizes


      Code (inc. data)   RO Data    RW Data    ZI Data      Debug   Object Name

      1328          0          0          0          0      29090   bluenrg_hci.o
       384         46          0          0          0       2697   bluenrg_interface.o
         8          0          4          0          0       1708   clock.o
        42          0          0          0          0       2036   gp_timer.o
        40          4          0          0          0        483   gpio.o
       880         50          0         28       1320      28381   hci.o
       124         24          0          0         56       1777   i2c.o
        86          0          0          0          0       4593   list.o
       544         56          0          0          0      38716   main.o
       808         46          0         16          0       6681   mpu6050.o
        16          0          0          0          0       1240   osal.o
      1468         90          0         30          0      11534   sensor_service.o
        32         10        192          0       1024        704   startup_stm32l053xx.o
       456         40          0          0         84       6550   stm32_bluenrg_ble.o
       124         18          0          4          0       4238   stm32l0xx_hal.o
       222         40          0          0          0      13828   stm32l0xx_hal_cortex.o
       398         34          0          0          0       5219   stm32l0xx_hal_gpio.o
      1242         26          0          0          0       9821   stm32l0xx_hal_i2c.o
       100          0          0          0          0       1392   stm32l0xx_hal_i2c_ex.o
       144         24          0          0          0       2204   stm32l0xx_hal_msp.o
      1902        102         28         25          0       8220   stm32l0xx_hal_rcc.o
       324         14          0          0          0       1672   stm32l0xx_hal_rcc_ex.o
      1092          0          0          0          0       4321   stm32l0xx_hal_spi.o
       490         14          0          0          0       6833   stm32l0xx_hal_tim.o
        72          0          0          0          0       1364   stm32l0xx_hal_tim_ex.o
      1682         68          0          0          0       9924   stm32l0xx_hal_uart.o
         2          0          0          0          0       1176   stm32l0xx_hal_uart_ex.o
        96         10          0          1          0       5467   stm32l0xx_it.o
       320         54          6         16          0     253612   stm32l0xx_nucleo.o
       256         18          0          0          0       1362   stm32l0xx_nucleo_bluenrg.o
        84         18          0         29          0       1357   system_stm32l0xx.o
       638         74          0         10         56       9020   ultra.o
       176         22          0          2        308       3161   usart2.o

    ----------------------------------------------------------------------
     15620        902        264        172       2852     480381   Object Totals
         0          0         32          0          0          0   (incl. Generated)
        40          0          2         11          4          0   (incl. Padding)

    ----------------------------------------------------------------------

      Code (inc. data)   RO Data    RW Data    ZI Data      Debug   Library Member Name

         0          0          0          0          0          0   entry.o
         0          0          0          0          0          0   entry10a.o
         0          0          0          0          0          0   entry11a.o
         8          4          0          0          0          0   entry2.o
         4          0          0          0          0          0   entry5.o
         0          0          0          0          0          0   entry7b.o
         0          0          0          0          0          0   entry8b.o
         8          4          0          0          0          0   entry9a.o
        30          0          0          0          0          0   handlers.o
        36          8          0          0          0         68   init.o
         0          0          0          0          0          0   iusefp.o
        32          0          0          0          0         68   llshl.o
        34          0          0          0          0         68   llushr.o
        40          0          0          0          0         68   memcpy.o
        18          0          0          0          0         68   memset.o
        14          0          0          0          0         60   strlen.o
        44          0          0          0          0         72   uidiv.o
        18          0          0          0          0         60   uwrite4.o
        56          0          0          0          0         68   d2f.o
       236          0          0          0          0        216   depilogue.o
       208          6          0          0          0         88   dmul.o
        40          0          0          0          0         60   f2d.o
       130          0          0          0          0        144   fepilogue.o
        40          0          0          0          0         60   ffixui.o
        14          0          0          0          0         68   ffltui.o
       122          0          0          0          0         72   fmul.o
        24          0          0          0          0         60   fscalb.o

    ----------------------------------------------------------------------
      1160         22          0          0          0       1368   Library Totals
         4          0          0          0          0          0   (incl. Padding)

    ----------------------------------------------------------------------

      Code (inc. data)   RO Data    RW Data    ZI Data      Debug   Library Name

       286         16          0          0          0        532   mc_p.l
       870          6          0          0          0        836   mf_p.l

    ----------------------------------------------------------------------
      1160         22          0          0          0       1368   Library Totals

    ----------------------------------------------------------------------

==============================================================================


      Code (inc. data)   RO Data    RW Data    ZI Data      Debug   

     16780        924        264        172       2852     474245   Grand Totals
     16780        924        264        172       2852     474245   ELF Image Totals
     16780        924        264        172          0          0   ROM Totals

==============================================================================

    Total RO  Size (Code + RO Data)                17044 (  16.64kB)
    Total RW  Size (RW Data + ZI Data)              3024 (   2.95kB)
    Total ROM Size (Code + RO Data + RW Data)      17216 (  16.81kB)

==============================================================================

